// Jest Snapshot v1, https://goo.gl/fbAQLP

exports[`config/unit/jest.config.js unit test config must match to the snapshot. 1`] = `
{
  "clearMocks": true,
  "collectCoverage": false,
  "collectCoverageFrom": [
    "src/**/*.(js|ts)",
  ],
  "coverageDirectory": ".coverage/unit",
  "coverageReporters": [
    "json",
  ],
  "resetModules": true,
  "restoreMocks": true,
  "rootDir": "../../",
  "setupFilesAfterEnv": [
    "<rootDir>/test/config/setup.js",
  ],
  "testMatch": [
    "<rootDir>/test/unit/**/*.(spec|test).(js|ts)",
  ],
  "testPathIgnorePatterns": [
    "/node_modules",
  ],
  "transform": {
    "^.+\\.(ts|tsx)$": [
      "ts-jest",
      {
        "tsconfig": "<rootDir>/test/tsconfig.json",
      },
    ],
  },
  "verbose": false,
}
`;
