// Jest Snapshot v1, https://goo.gl/fbAQLP

exports[`config/unit/jest.config.js unit test config must match to the snapshot. 1`] = `
Object {
  "clearMocks": true,
  "collectCoverage": false,
  "collectCoverageFrom": Array [
    "src/**",
  ],
  "coverageDirectory": ".coverage/unit",
  "coverageReporters": Array [
    "json",
  ],
  "globals": Object {
    "ts-jest": Object {
      "tsconfig": "<rootDir>/test/tsconfig.json",
    },
  },
  "resetModules": true,
  "restoreMocks": true,
  "rootDir": "../../",
  "setupFilesAfterEnv": Array [
    "<rootDir>/test/config/setup.js",
  ],
  "testMatch": Array [
    "<rootDir>/test/unit/**/*.(spec|test).(js|ts)",
  ],
  "testPathIgnorePatterns": Array [
    "/node_modules",
  ],
  "transform": Object {
    "^.+\\\\.(ts|tsx)$": "ts-jest",
  },
  "verbose": false,
}
`;
