// Jest Snapshot v1, https://goo.gl/fbAQLP

exports[`Application related actions getSchema should return schemas used to encode objects in framework 1`] = `
Object {
  "account": Object {
    "$id": "/account/base",
    "properties": Object {
      "address": Object {
        "dataType": "bytes",
        "fieldNumber": 1,
      },
      "pos": Object {
        "fieldNumber": 5,
        "properties": Object {
          "validator": Object {
            "fieldNumber": 1,
            "properties": Object {
              "consecutiveMissedBlocks": Object {
                "dataType": "uint32",
                "fieldNumber": 3,
              },
              "isBanned": Object {
                "dataType": "boolean",
                "fieldNumber": 5,
              },
              "lastForgedHeight": Object {
                "dataType": "uint32",
                "fieldNumber": 4,
              },
              "pomHeights": Object {
                "fieldNumber": 2,
                "items": Object {
                  "dataType": "uint32",
                },
                "type": "array",
              },
              "totalStakeReceived": Object {
                "dataType": "uint64",
                "fieldNumber": 6,
              },
              "username": Object {
                "dataType": "string",
                "fieldNumber": 1,
              },
            },
            "required": Array [
              "username",
              "pomHeights",
              "consecutiveMissedBlocks",
              "lastForgedHeight",
              "isBanned",
              "totalStakeReceived",
            ],
            "type": "object",
          },
          "sentStakes": Object {
            "fieldNumber": 2,
            "items": Object {
              "properties": Object {
                "amount": Object {
                  "dataType": "uint64",
                  "fieldNumber": 2,
                },
                "validatorAddress": Object {
                  "dataType": "bytes",
                  "fieldNumber": 1,
                },
              },
              "required": Array [
                "validatorAddress",
                "amount",
              ],
              "type": "object",
            },
            "type": "array",
          },
          "unlocking": Object {
            "fieldNumber": 3,
            "items": Object {
              "properties": Object {
                "amount": Object {
                  "dataType": "uint64",
                  "fieldNumber": 2,
                },
                "validatorAddress": Object {
                  "dataType": "bytes",
                  "fieldNumber": 1,
                },
                "unstakeHeight": Object {
                  "dataType": "uint32",
                  "fieldNumber": 3,
                },
              },
              "required": Array [
                "validatorAddress",
                "amount",
                "unstakeHeight",
              ],
              "type": "object",
            },
            "type": "array",
          },
        },
        "type": "object",
      },
      "keys": Object {
        "fieldNumber": 4,
        "properties": Object {
          "mandatoryKeys": Object {
            "fieldNumber": 2,
            "items": Object {
              "dataType": "bytes",
            },
            "type": "array",
          },
          "numberOfSignatures": Object {
            "dataType": "uint32",
            "fieldNumber": 1,
          },
          "optionalKeys": Object {
            "fieldNumber": 3,
            "items": Object {
              "dataType": "bytes",
            },
            "type": "array",
          },
        },
        "type": "object",
      },
      "sequence": Object {
        "fieldNumber": 3,
        "properties": Object {
          "nonce": Object {
            "dataType": "uint64",
            "fieldNumber": 1,
          },
        },
        "type": "object",
      },
      "token": Object {
        "fieldNumber": 2,
        "properties": Object {
          "balance": Object {
            "dataType": "uint64",
            "fieldNumber": 1,
          },
        },
        "type": "object",
      },
    },
    "required": Array [
      "address",
      "token",
      "sequence",
      "keys",
      "pos",
    ],
    "type": "object",
  },
  "block": Object {
    "$id": "/block",
    "properties": Object {
      "header": Object {
        "dataType": "bytes",
        "fieldNumber": 1,
      },
      "transactions": Object {
        "fieldNumber": 2,
        "items": Object {
          "dataType": "bytes",
        },
        "type": "array",
      },
    },
    "required": Array [
      "header",
      "transactions",
    ],
    "type": "object",
  },
  "blockHeader": Object {
    "$id": "/block/header",
    "properties": Object {
      "asset": Object {
        "dataType": "bytes",
        "fieldNumber": 8,
      },
      "generatorPublicKey": Object {
        "dataType": "bytes",
        "fieldNumber": 6,
      },
      "height": Object {
        "dataType": "uint32",
        "fieldNumber": 3,
      },
      "previousBlockID": Object {
        "dataType": "bytes",
        "fieldNumber": 4,
      },
      "reward": Object {
        "dataType": "uint64",
        "fieldNumber": 7,
      },
      "signature": Object {
        "dataType": "bytes",
        "fieldNumber": 9,
      },
      "timestamp": Object {
        "dataType": "uint32",
        "fieldNumber": 2,
      },
      "transactionRoot": Object {
        "dataType": "bytes",
        "fieldNumber": 5,
      },
      "version": Object {
        "dataType": "uint32",
        "fieldNumber": 1,
      },
    },
    "required": Array [
      "version",
      "timestamp",
      "height",
      "previousBlockID",
      "transactionRoot",
      "generatorPublicKey",
      "reward",
      "asset",
    ],
    "type": "object",
  },
  "blockHeadersAssets": Object {
    "0": Object {
      "$id": "/genesisBlock/header/asset",
      "properties": Object {
        "accounts": Object {
          "fieldNumber": 1,
          "items": Object {
            "$id": "/account/base",
            "properties": Object {
              "address": Object {
                "dataType": "bytes",
                "fieldNumber": 1,
              },
              "pos": Object {
                "fieldNumber": 5,
                "properties": Object {
                  "validator": Object {
                    "fieldNumber": 1,
                    "properties": Object {
                      "consecutiveMissedBlocks": Object {
                        "dataType": "uint32",
                        "fieldNumber": 3,
                      },
                      "isBanned": Object {
                        "dataType": "boolean",
                        "fieldNumber": 5,
                      },
                      "lastForgedHeight": Object {
                        "dataType": "uint32",
                        "fieldNumber": 4,
                      },
                      "pomHeights": Object {
                        "fieldNumber": 2,
                        "items": Object {
                          "dataType": "uint32",
                        },
                        "type": "array",
                      },
                      "totalStakeReceived": Object {
                        "dataType": "uint64",
                        "fieldNumber": 6,
                      },
                      "username": Object {
                        "dataType": "string",
                        "fieldNumber": 1,
                      },
                    },
                    "required": Array [
                      "username",
                      "pomHeights",
                      "consecutiveMissedBlocks",
                      "lastForgedHeight",
                      "isBanned",
                      "totalStakeReceived",
                    ],
                    "type": "object",
                  },
                  "sentStakes": Object {
                    "fieldNumber": 2,
                    "items": Object {
                      "properties": Object {
                        "amount": Object {
                          "dataType": "uint64",
                          "fieldNumber": 2,
                        },
                        "validatorAddress": Object {
                          "dataType": "bytes",
                          "fieldNumber": 1,
                        },
                      },
                      "required": Array [
                        "validatorAddress",
                        "amount",
                      ],
                      "type": "object",
                    },
                    "type": "array",
                  },
                  "unlocking": Object {
                    "fieldNumber": 3,
                    "items": Object {
                      "properties": Object {
                        "amount": Object {
                          "dataType": "uint64",
                          "fieldNumber": 2,
                        },
                        "validatorAddress": Object {
                          "dataType": "bytes",
                          "fieldNumber": 1,
                        },
                        "unstakeHeight": Object {
                          "dataType": "uint32",
                          "fieldNumber": 3,
                        },
                      },
                      "required": Array [
                        "validatorAddress",
                        "amount",
                        "unstakeHeight",
                      ],
                      "type": "object",
                    },
                    "type": "array",
                  },
                },
                "type": "object",
              },
              "keys": Object {
                "fieldNumber": 4,
                "properties": Object {
                  "mandatoryKeys": Object {
                    "fieldNumber": 2,
                    "items": Object {
                      "dataType": "bytes",
                    },
                    "type": "array",
                  },
                  "numberOfSignatures": Object {
                    "dataType": "uint32",
                    "fieldNumber": 1,
                  },
                  "optionalKeys": Object {
                    "fieldNumber": 3,
                    "items": Object {
                      "dataType": "bytes",
                    },
                    "type": "array",
                  },
                },
                "type": "object",
              },
              "sequence": Object {
                "fieldNumber": 3,
                "properties": Object {
                  "nonce": Object {
                    "dataType": "uint64",
                    "fieldNumber": 1,
                  },
                },
                "type": "object",
              },
              "token": Object {
                "fieldNumber": 2,
                "properties": Object {
                  "balance": Object {
                    "dataType": "uint64",
                    "fieldNumber": 1,
                  },
                },
                "type": "object",
              },
            },
            "required": Array [
              "address",
              "token",
              "sequence",
              "keys",
              "pos",
            ],
            "type": "object",
          },
          "type": "array",
        },
        "initValidators": Object {
          "fieldNumber": 2,
          "items": Object {
            "dataType": "bytes",
          },
          "minItems": 1,
          "type": "array",
        },
        "initRounds": Object {
          "dataType": "uint32",
          "fieldNumber": 3,
          "minimum": 3,
        },
      },
      "required": Array [
        "accounts",
        "initValidators",
        "initRounds",
      ],
      "type": "object",
    },
    "2": Object {
      "$id": "/blockHeader/asset/v2",
      "properties": Object {
        "maxHeightPreviouslyForged": Object {
          "dataType": "uint32",
          "fieldNumber": 1,
        },
        "maxHeightPrevoted": Object {
          "dataType": "uint32",
          "fieldNumber": 2,
        },
        "seedReveal": Object {
          "dataType": "bytes",
          "fieldNumber": 3,
          "maxLength": 16,
          "minLength": 16,
        },
      },
      "required": Array [
        "maxHeightPreviouslyForged",
        "maxHeightPrevoted",
        "seedReveal",
      ],
      "type": "object",
    },
  },
  "transaction": Object {
    "$id": "lisk/transaction",
    "properties": Object {
      "asset": Object {
        "dataType": "bytes",
        "fieldNumber": 6,
      },
      "assetID": Object {
        "dataType": "uint32",
        "fieldNumber": 2,
      },
      "fee": Object {
        "dataType": "uint64",
        "fieldNumber": 4,
      },
      "moduleID": Object {
        "dataType": "uint32",
        "fieldNumber": 1,
        "minimum": 2,
      },
      "nonce": Object {
        "dataType": "uint64",
        "fieldNumber": 3,
      },
      "senderPublicKey": Object {
        "dataType": "bytes",
        "fieldNumber": 5,
        "maxLength": 32,
        "minLength": 32,
      },
      "signatures": Object {
        "fieldNumber": 7,
        "items": Object {
          "dataType": "bytes",
        },
        "type": "array",
      },
    },
    "required": Array [
      "moduleID",
      "assetID",
      "nonce",
      "fee",
      "senderPublicKey",
      "asset",
    ],
    "type": "object",
  },
  "transactionsAssets": Array [
    Object {
      "assetID": 0,
      "assetName": "transfer",
      "moduleID": 2,
      "moduleName": "token",
      "schema": Object {
        "$id": "lisk/transfer-asset",
        "properties": Object {
          "amount": Object {
            "dataType": "uint64",
            "fieldNumber": 1,
          },
          "data": Object {
            "dataType": "string",
            "fieldNumber": 3,
          },
          "recipientAddress": Object {
            "dataType": "bytes",
            "fieldNumber": 2,
          },
        },
        "required": Array [
          "amount",
          "recipientAddress",
          "data",
        ],
        "title": "Transfer transaction asset",
        "type": "object",
      },
    },
    Object {
      "assetID": 0,
      "assetName": "registerMultisignature",
      "moduleID": 4,
      "moduleName": "keys",
      "schema": Object {
        "$id": "lisk/keys/register",
        "properties": Object {
          "mandatoryKeys": Object {
            "fieldNumber": 2,
            "items": Object {
              "dataType": "bytes",
              "maxLength": 32,
              "minLength": 32,
            },
            "maxItems": 64,
            "minItems": 0,
            "type": "array",
          },
          "numberOfSignatures": Object {
            "dataType": "uint32",
            "fieldNumber": 1,
            "maximum": 64,
            "minimum": 1,
          },
          "optionalKeys": Object {
            "fieldNumber": 3,
            "items": Object {
              "dataType": "bytes",
              "maxLength": 32,
              "minLength": 32,
            },
            "maxItems": 64,
            "minItems": 0,
            "type": "array",
          },
        },
        "required": Array [
          "numberOfSignatures",
          "optionalKeys",
          "mandatoryKeys",
        ],
        "type": "object",
      },
    },
    Object {
      "assetID": 0,
      "assetName": "registerValidator",
      "moduleID": 5,
      "moduleName": "pos",
      "schema": Object {
        "$id": "lisk/pos/register",
        "properties": Object {
          "username": Object {
            "dataType": "string",
            "fieldNumber": 1,
            "maxLength": 20,
            "minLength": 1,
          },
        },
        "required": Array [
          "username",
        ],
        "type": "object",
      },
    },
    Object {
      "assetID": 1,
      "assetName": "stake",
      "moduleID": 5,
      "moduleName": "pos",
      "schema": Object {
        "$id": "lisk/pos/stake",
        "properties": Object {
          "stakes": Object {
            "fieldNumber": 1,
            "items": Object {
              "properties": Object {
                "amount": Object {
                  "dataType": "sint64",
                  "fieldNumber": 2,
                },
                "validatorAddress": Object {
                  "dataType": "bytes",
                  "fieldNumber": 1,
                  "maxLength": 20,
                  "minLength": 20,
                },
              },
              "required": Array [
                "validatorAddress",
                "amount",
              ],
              "type": "object",
            },
            "maxItems": 20,
            "minItems": 1,
            "type": "array",
          },
        },
        "required": Array [
          "stakes",
        ],
        "type": "object",
      },
    },
    Object {
      "assetID": 2,
      "assetName": "unlockToken",
      "moduleID": 5,
      "moduleName": "pos",
      "schema": Object {
        "$id": "lisk/pos/unlock",
        "properties": Object {
          "unlockObjects": Object {
            "fieldNumber": 1,
            "items": Object {
              "properties": Object {
                "amount": Object {
                  "dataType": "uint64",
                  "fieldNumber": 2,
                },
                "validatorAddress": Object {
                  "dataType": "bytes",
                  "fieldNumber": 1,
                  "maxLength": 20,
                  "minLength": 20,
                },
                "unstakeHeight": Object {
                  "dataType": "uint32",
                  "fieldNumber": 3,
                },
              },
              "required": Array [
                "validatorAddress",
                "amount",
                "unstakeHeight",
              ],
              "type": "object",
            },
            "maxItems": 20,
            "minItems": 1,
            "type": "array",
          },
        },
        "required": Array [
          "unlockObjects",
        ],
        "type": "object",
      },
    },
    Object {
      "assetID": 3,
      "assetName": "reportDelegateMisbehavior",
      "moduleID": 5,
      "moduleName": "pos",
      "schema": Object {
        "$id": "lisk/pos/pom",
        "properties": Object {
          "header1": Object {
            "$id": "block-header1",
            "fieldNumber": 1,
            "properties": Object {
              "asset": Object {
                "fieldNumber": 8,
                "properties": Object {
                  "maxHeightPreviouslyForged": Object {
                    "dataType": "uint32",
                    "fieldNumber": 1,
                  },
                  "maxHeightPrevoted": Object {
                    "dataType": "uint32",
                    "fieldNumber": 2,
                  },
                  "seedReveal": Object {
                    "dataType": "bytes",
                    "fieldNumber": 3,
                  },
                },
                "required": Array [
                  "maxHeightPreviouslyForged",
                  "maxHeightPrevoted",
                  "seedReveal",
                ],
                "type": "object",
              },
              "generatorPublicKey": Object {
                "dataType": "bytes",
                "fieldNumber": 6,
              },
              "height": Object {
                "dataType": "uint32",
                "fieldNumber": 3,
              },
              "previousBlockID": Object {
                "dataType": "bytes",
                "fieldNumber": 4,
              },
              "reward": Object {
                "dataType": "uint64",
                "fieldNumber": 7,
              },
              "signature": Object {
                "dataType": "bytes",
                "fieldNumber": 9,
              },
              "timestamp": Object {
                "dataType": "uint32",
                "fieldNumber": 2,
              },
              "transactionRoot": Object {
                "dataType": "bytes",
                "fieldNumber": 5,
              },
              "version": Object {
                "dataType": "uint32",
                "fieldNumber": 1,
              },
            },
            "required": Array [
              "version",
              "timestamp",
              "height",
              "previousBlockID",
              "transactionRoot",
              "generatorPublicKey",
              "reward",
              "asset",
            ],
            "type": "object",
          },
          "header2": Object {
            "$id": "block-header2",
            "fieldNumber": 2,
            "properties": Object {
              "asset": Object {
                "fieldNumber": 8,
                "properties": Object {
                  "maxHeightPreviouslyForged": Object {
                    "dataType": "uint32",
                    "fieldNumber": 1,
                  },
                  "maxHeightPrevoted": Object {
                    "dataType": "uint32",
                    "fieldNumber": 2,
                  },
                  "seedReveal": Object {
                    "dataType": "bytes",
                    "fieldNumber": 3,
                  },
                },
                "required": Array [
                  "maxHeightPreviouslyForged",
                  "maxHeightPrevoted",
                  "seedReveal",
                ],
                "type": "object",
              },
              "generatorPublicKey": Object {
                "dataType": "bytes",
                "fieldNumber": 6,
              },
              "height": Object {
                "dataType": "uint32",
                "fieldNumber": 3,
              },
              "previousBlockID": Object {
                "dataType": "bytes",
                "fieldNumber": 4,
              },
              "reward": Object {
                "dataType": "uint64",
                "fieldNumber": 7,
              },
              "signature": Object {
                "dataType": "bytes",
                "fieldNumber": 9,
              },
              "timestamp": Object {
                "dataType": "uint32",
                "fieldNumber": 2,
              },
              "transactionRoot": Object {
                "dataType": "bytes",
                "fieldNumber": 5,
              },
              "version": Object {
                "dataType": "uint32",
                "fieldNumber": 1,
              },
            },
            "required": Array [
              "version",
              "timestamp",
              "height",
              "previousBlockID",
              "transactionRoot",
              "generatorPublicKey",
              "reward",
              "asset",
            ],
            "type": "object",
          },
        },
        "required": Array [
          "header1",
          "header2",
        ],
        "type": "object",
      },
    },
  ],
}
`;
