// Jest Snapshot v1, https://goo.gl/fbAQLP

exports[`PomTransactionAsset constructor should have valid schema 1`] = `
Object {
  "$id": "lisk/dpos/pom",
  "properties": Object {
    "header1": Object {
      "$id": "block-header1",
      "fieldNumber": 1,
      "properties": Object {
        "asset": Object {
          "fieldNumber": 8,
          "properties": Object {
            "maxHeightPreviouslyForged": Object {
              "dataType": "uint32",
              "fieldNumber": 1,
            },
            "maxHeightPrevoted": Object {
              "dataType": "uint32",
              "fieldNumber": 2,
            },
            "seedReveal": Object {
              "dataType": "bytes",
              "fieldNumber": 3,
            },
          },
          "required": Array [
            "maxHeightPreviouslyForged",
            "maxHeightPrevoted",
            "seedReveal",
          ],
          "type": "object",
        },
        "generatorPublicKey": Object {
          "dataType": "bytes",
          "fieldNumber": 6,
        },
        "height": Object {
          "dataType": "uint32",
          "fieldNumber": 3,
        },
        "previousBlockID": Object {
          "dataType": "bytes",
          "fieldNumber": 4,
        },
        "reward": Object {
          "dataType": "uint64",
          "fieldNumber": 7,
        },
        "signature": Object {
          "dataType": "bytes",
          "fieldNumber": 9,
        },
        "timestamp": Object {
          "dataType": "uint32",
          "fieldNumber": 2,
        },
        "transactionRoot": Object {
          "dataType": "bytes",
          "fieldNumber": 5,
        },
        "version": Object {
          "dataType": "uint32",
          "fieldNumber": 1,
        },
      },
      "required": Array [
        "version",
        "timestamp",
        "height",
        "previousBlockID",
        "transactionRoot",
        "generatorPublicKey",
        "reward",
        "asset",
      ],
      "type": "object",
    },
    "header2": Object {
      "$id": "block-header2",
      "fieldNumber": 2,
      "properties": Object {
        "asset": Object {
          "fieldNumber": 8,
          "properties": Object {
            "maxHeightPreviouslyForged": Object {
              "dataType": "uint32",
              "fieldNumber": 1,
            },
            "maxHeightPrevoted": Object {
              "dataType": "uint32",
              "fieldNumber": 2,
            },
            "seedReveal": Object {
              "dataType": "bytes",
              "fieldNumber": 3,
            },
          },
          "required": Array [
            "maxHeightPreviouslyForged",
            "maxHeightPrevoted",
            "seedReveal",
          ],
          "type": "object",
        },
        "generatorPublicKey": Object {
          "dataType": "bytes",
          "fieldNumber": 6,
        },
        "height": Object {
          "dataType": "uint32",
          "fieldNumber": 3,
        },
        "previousBlockID": Object {
          "dataType": "bytes",
          "fieldNumber": 4,
        },
        "reward": Object {
          "dataType": "uint64",
          "fieldNumber": 7,
        },
        "signature": Object {
          "dataType": "bytes",
          "fieldNumber": 9,
        },
        "timestamp": Object {
          "dataType": "uint32",
          "fieldNumber": 2,
        },
        "transactionRoot": Object {
          "dataType": "bytes",
          "fieldNumber": 5,
        },
        "version": Object {
          "dataType": "uint32",
          "fieldNumber": 1,
        },
      },
      "required": Array [
        "version",
        "timestamp",
        "height",
        "previousBlockID",
        "transactionRoot",
        "generatorPublicKey",
        "reward",
        "asset",
      ],
      "type": "object",
    },
  },
  "required": Array [
    "header1",
    "header2",
  ],
  "type": "object",
}
`;
