// Jest Snapshot v1, https://goo.gl/fbAQLP

exports[`Create Genesis Block should return a valid genesis block 1`] = `
Object {
  "genesisBlock": Object {
    "header": Object {
      "asset": Object {
        "accounts": Array [],
        "initDelegates": Array [
          Object {
            "data": Array [
              3,
              246,
              217,
              11,
              125,
              189,
              4,
              151,
              220,
              58,
              82,
              209,
              194,
              126,
              35,
              187,
              140,
              117,
              137,
              127,
            ],
            "type": "Buffer",
          },
          Object {
            "data": Array [
              9,
              3,
              244,
              197,
              203,
              89,
              154,
              121,
              40,
              174,
              242,
              126,
              49,
              78,
              152,
              41,
              29,
              30,
              56,
              136,
            ],
            "type": "Buffer",
          },
          Object {
            "data": Array [
              10,
              218,
              106,
              47,
              108,
              143,
              137,
              23,
              105,
              54,
              111,
              201,
              170,
              111,
              217,
              241,
              250,
              203,
              54,
              207,
            ],
            "type": "Buffer",
          },
          Object {
            "data": Array [
              11,
              195,
              190,
              194,
              253,
              181,
              101,
              153,
              111,
              211,
              22,
              227,
              104,
              230,
              110,
              93,
              142,
              131,
              8,
              8,
            ],
            "type": "Buffer",
          },
          Object {
            "data": Array [
              13,
              44,
              55,
              126,
              147,
              107,
              104,
              199,
              0,
              102,
              97,
              59,
              16,
              192,
              253,
              173,
              83,
              127,
              144,
              218,
            ],
            "type": "Buffer",
          },
          Object {
            "data": Array [
              15,
              51,
              165,
              3,
              59,
              117,
              14,
              108,
              77,
              202,
              71,
              227,
              139,
              160,
              32,
              233,
              18,
              223,
              20,
              62,
            ],
            "type": "Buffer",
          },
          Object {
            "data": Array [
              26,
              199,
              59,
              255,
              116,
              146,
              74,
              217,
              183,
              66,
              54,
              196,
              150,
              43,
              226,
              113,
              116,
              174,
              135,
              208,
            ],
            "type": "Buffer",
          },
          Object {
            "data": Array [
              28,
              25,
              76,
              43,
              225,
              204,
              83,
              246,
              99,
              169,
              60,
              100,
              137,
              156,
              186,
              163,
              64,
              22,
              244,
              21,
            ],
            "type": "Buffer",
          },
          Object {
            "data": Array [
              33,
              89,
              247,
              94,
              84,
              64,
              195,
              100,
              49,
              174,
              219,
              199,
              220,
              41,
              166,
              90,
              50,
              119,
              120,
              184,
            ],
            "type": "Buffer",
          },
          Object {
            "data": Array [
              36,
              111,
              186,
              92,
              81,
              149,
              118,
              217,
              60,
              95,
              172,
              137,
              156,
              68,
              178,
              155,
              114,
              245,
              38,
              174,
            ],
            "type": "Buffer",
          },
          Object {
            "data": Array [
              36,
              193,
              48,
              235,
              108,
              192,
              216,
              246,
              99,
              168,
              246,
              209,
              111,
              252,
              97,
              249,
              53,
              162,
              224,
              46,
            ],
            "type": "Buffer",
          },
          Object {
            "data": Array [
              39,
              132,
              58,
              96,
              161,
              224,
              68,
              193,
              230,
              227,
              207,
              17,
              159,
              223,
              100,
              235,
              43,
              62,
              13,
              148,
            ],
            "type": "Buffer",
          },
          Object {
            "data": Array [
              41,
              10,
              188,
              74,
              34,
              68,
              191,
              14,
              207,
              90,
              161,
              204,
              238,
              138,
              200,
              246,
              15,
              139,
              206,
              72,
            ],
            "type": "Buffer",
          },
          Object {
            "data": Array [
              44,
              245,
              44,
              8,
              204,
              118,
              9,
              29,
              136,
              78,
              128,
              12,
              28,
              105,
              123,
              19,
              246,
              153,
              7,
              212,
            ],
            "type": "Buffer",
          },
          Object {
            "data": Array [
              48,
              138,
              149,
              209,
              211,
              247,
              187,
              85,
              111,
              72,
              218,
              79,
              67,
              68,
              86,
              110,
              89,
              246,
              241,
              203,
            ],
            "type": "Buffer",
          },
          Object {
            "data": Array [
              49,
              32,
              74,
              213,
              185,
              93,
              217,
              34,
              194,
              137,
              154,
              165,
              191,
              142,
              126,
              229,
              183,
              84,
              106,
              243,
            ],
            "type": "Buffer",
          },
          Object {
            "data": Array [
              49,
              254,
              120,
              155,
              67,
              39,
              126,
              53,
              171,
              65,
              15,
              42,
              252,
              251,
              87,
              66,
              128,
              175,
              45,
              216,
            ],
            "type": "Buffer",
          },
          Object {
            "data": Array [
              50,
              141,
              15,
              84,
              102,
              149,
              197,
              250,
              2,
              16,
              93,
              235,
              5,
              92,
              242,
              128,
              29,
              155,
              139,
              161,
            ],
            "type": "Buffer",
          },
          Object {
            "data": Array [
              59,
              62,
              19,
              123,
              27,
              236,
              111,
              32,
              201,
              168,
              178,
              173,
              79,
              87,
              132,
              102,
              31,
              176,
              250,
              121,
            ],
            "type": "Buffer",
          },
          Object {
            "data": Array [
              59,
              150,
              216,
              86,
              85,
              105,
              66,
              31,
              67,
              104,
              75,
              44,
              78,
              170,
              6,
              57,
              203,
              181,
              224,
              17,
            ],
            "type": "Buffer",
          },
          Object {
            "data": Array [
              60,
              128,
              231,
              217,
              150,
              74,
              28,
              131,
              166,
              221,
              93,
              198,
              78,
              16,
              94,
              14,
              99,
              75,
              213,
              138,
            ],
            "type": "Buffer",
          },
          Object {
            "data": Array [
              61,
              233,
              94,
              24,
              241,
              138,
              84,
              226,
              38,
              155,
              191,
              143,
              26,
              56,
              234,
              112,
              118,
              44,
              115,
              250,
            ],
            "type": "Buffer",
          },
          Object {
            "data": Array [
              61,
              238,
              176,
              167,
              66,
              106,
              2,
              139,
              67,
              91,
              77,
              221,
              141,
              53,
              172,
              133,
              207,
              86,
              114,
              55,
            ],
            "type": "Buffer",
          },
          Object {
            "data": Array [
              67,
              107,
              64,
              245,
              140,
              12,
              39,
              237,
              19,
              63,
              96,
              1,
              160,
              25,
              255,
              37,
              86,
              30,
              250,
              212,
            ],
            "type": "Buffer",
          },
          Object {
            "data": Array [
              70,
              62,
              126,
              135,
              155,
              123,
              220,
              106,
              151,
              236,
              2,
              162,
              166,
              3,
              170,
              26,
              70,
              160,
              76,
              128,
            ],
            "type": "Buffer",
          },
          Object {
            "data": Array [
              75,
              97,
              38,
              89,
              120,
              129,
              203,
              107,
              161,
              164,
              92,
              31,
              98,
              134,
              118,
              158,
              122,
              9,
              79,
              180,
            ],
            "type": "Buffer",
          },
          Object {
            "data": Array [
              78,
              135,
              75,
              207,
              182,
              245,
              137,
              111,
              233,
              229,
              218,
              179,
              178,
              111,
              89,
              178,
              226,
              169,
              192,
              155,
            ],
            "type": "Buffer",
          },
          Object {
            "data": Array [
              79,
              68,
              34,
              235,
              97,
              196,
              94,
              219,
              77,
              118,
              241,
              12,
              216,
              113,
              201,
              249,
              131,
              242,
              235,
              170,
            ],
            "type": "Buffer",
          },
          Object {
            "data": Array [
              79,
              213,
              47,
              103,
              241,
              81,
              251,
              189,
              218,
              157,
              217,
              42,
              113,
              72,
              132,
              163,
              153,
              131,
              14,
              202,
            ],
            "type": "Buffer",
          },
          Object {
            "data": Array [
              79,
              216,
              204,
              78,
              39,
              163,
              72,
              155,
              87,
              237,
              152,
              110,
              254,
              61,
              50,
              125,
              61,
              228,
              13,
              146,
            ],
            "type": "Buffer",
          },
          Object {
            "data": Array [
              82,
              249,
              205,
              207,
              240,
              96,
              82,
              65,
              199,
              130,
              120,
              105,
              10,
              227,
              110,
              176,
              19,
              106,
              48,
              255,
            ],
            "type": "Buffer",
          },
          Object {
            "data": Array [
              88,
              83,
              163,
              242,
              73,
              144,
              222,
              236,
              206,
              212,
              157,
              107,
              193,
              89,
              144,
              16,
              46,
              192,
              195,
              58,
            ],
            "type": "Buffer",
          },
          Object {
            "data": Array [
              88,
              217,
              7,
              210,
              101,
              8,
              96,
              62,
              131,
              132,
              35,
              218,
              162,
              6,
              28,
              41,
              199,
              168,
              73,
              80,
            ],
            "type": "Buffer",
          },
          Object {
            "data": Array [
              90,
              222,
              86,
              67,
              153,
              230,
              112,
              189,
              29,
              66,
              149,
              131,
              5,
              144,
              103,
              243,
              166,
              202,
              43,
              127,
            ],
            "type": "Buffer",
          },
          Object {
            "data": Array [
              92,
              209,
              208,
              204,
              249,
              143,
              43,
              213,
              164,
              191,
              170,
              119,
              13,
              85,
              241,
              100,
              152,
              175,
              11,
              204,
            ],
            "type": "Buffer",
          },
          Object {
            "data": Array [
              95,
              189,
              68,
              42,
              70,
              71,
              176,
              121,
              205,
              161,
              34,
              158,
              207,
              109,
              143,
              68,
              243,
              97,
              200,
              202,
            ],
            "type": "Buffer",
          },
          Object {
            "data": Array [
              97,
              116,
              81,
              95,
              166,
              108,
              145,
              191,
              241,
              18,
              137,
              19,
              237,
              212,
              224,
              241,
              222,
              55,
              206,
              224,
            ],
            "type": "Buffer",
          },
          Object {
            "data": Array [
              97,
              243,
              150,
              210,
              164,
              161,
              58,
              183,
              163,
              155,
              167,
              145,
              250,
              196,
              185,
              33,
              181,
              74,
              32,
              142,
            ],
            "type": "Buffer",
          },
          Object {
            "data": Array [
              99,
              48,
              253,
              138,
              233,
              29,
              244,
              165,
              215,
              251,
              194,
              57,
              12,
              24,
              46,
              198,
              103,
              109,
              197,
              166,
            ],
            "type": "Buffer",
          },
          Object {
            "data": Array [
              101,
              127,
              97,
              7,
              40,
              238,
              249,
              125,
              85,
              229,
              2,
              18,
              135,
              31,
              9,
              147,
              187,
              124,
              199,
              0,
            ],
            "type": "Buffer",
          },
          Object {
            "data": Array [
              101,
              249,
              39,
              24,
              123,
              249,
              106,
              172,
              93,
              150,
              143,
              204,
              147,
              81,
              229,
              73,
              43,
              95,
              147,
              86,
            ],
            "type": "Buffer",
          },
          Object {
            "data": Array [
              107,
              152,
              149,
              195,
              27,
              205,
              178,
              217,
              201,
              41,
              185,
              218,
              126,
              56,
              158,
              217,
              29,
              230,
              114,
              160,
            ],
            "type": "Buffer",
          },
          Object {
            "data": Array [
              110,
              18,
              228,
              73,
              138,
              230,
              159,
              176,
              127,
              242,
              216,
              170,
              176,
              54,
              169,
              17,
              34,
              157,
              108,
              98,
            ],
            "type": "Buffer",
          },
          Object {
            "data": Array [
              111,
              252,
              216,
              173,
              84,
              125,
              138,
              84,
              154,
              49,
              178,
              82,
              54,
              227,
              34,
              199,
              129,
              165,
              45,
              133,
            ],
            "type": "Buffer",
          },
          Object {
            "data": Array [
              112,
              171,
              240,
              86,
              189,
              146,
              232,
              247,
              124,
              252,
              85,
              23,
              72,
              250,
              84,
              164,
              227,
              1,
              141,
              95,
            ],
            "type": "Buffer",
          },
          Object {
            "data": Array [
              121,
              243,
              12,
              28,
              188,
              27,
              156,
              73,
              73,
              200,
              184,
              90,
              204,
              36,
              167,
              87,
              142,
              1,
              85,
              139,
            ],
            "type": "Buffer",
          },
          Object {
            "data": Array [
              125,
              44,
              103,
              129,
              216,
              115,
              237,
              43,
              167,
              168,
              127,
              70,
              247,
              53,
              245,
              225,
              90,
              65,
              166,
              241,
            ],
            "type": "Buffer",
          },
          Object {
            "data": Array [
              125,
              96,
              219,
              24,
              115,
              55,
              203,
              216,
              129,
              20,
              13,
              105,
              216,
              76,
              146,
              70,
              237,
              168,
              56,
              46,
            ],
            "type": "Buffer",
          },
          Object {
            "data": Array [
              128,
              116,
              240,
              208,
              47,
              116,
              143,
              197,
              84,
              72,
              164,
              191,
              32,
              15,
              29,
              173,
              232,
              81,
              112,
              89,
            ],
            "type": "Buffer",
          },
          Object {
            "data": Array [
              130,
              203,
              199,
              179,
              157,
              53,
              175,
              53,
              143,
              158,
              37,
              19,
              175,
              19,
              178,
              247,
              123,
              100,
              122,
              0,
            ],
            "type": "Buffer",
          },
          Object {
            "data": Array [
              132,
              89,
              184,
              135,
              15,
              206,
              255,
              245,
              159,
              23,
              45,
              113,
              107,
              123,
              254,
              159,
              204,
              40,
              212,
              8,
            ],
            "type": "Buffer",
          },
          Object {
            "data": Array [
              133,
              6,
              243,
              193,
              15,
              117,
              4,
              73,
              70,
              241,
              162,
              58,
              124,
              175,
              87,
              130,
              83,
              100,
              148,
              113,
            ],
            "type": "Buffer",
          },
          Object {
            "data": Array [
              135,
              34,
              69,
              51,
              131,
              247,
              129,
              213,
              66,
              122,
              78,
              226,
              17,
              2,
              14,
              73,
              191,
              52,
              162,
              185,
            ],
            "type": "Buffer",
          },
          Object {
            "data": Array [
              137,
              177,
              68,
              236,
              253,
              213,
              234,
              53,
              32,
              131,
              191,
              98,
              77,
              60,
              248,
              66,
              236,
              6,
              165,
              227,
            ],
            "type": "Buffer",
          },
          Object {
            "data": Array [
              138,
              200,
              0,
              18,
              77,
              91,
              22,
              175,
              213,
              123,
              92,
              247,
              36,
              94,
              223,
              205,
              88,
              133,
              234,
              59,
            ],
            "type": "Buffer",
          },
          Object {
            "data": Array [
              139,
              28,
              34,
              26,
              3,
              12,
              247,
              32,
              115,
              109,
              159,
              183,
              208,
              73,
              157,
              215,
              39,
              111,
              193,
              179,
            ],
            "type": "Buffer",
          },
          Object {
            "data": Array [
              142,
              206,
              255,
              213,
              164,
              30,
              103,
              139,
              100,
              103,
              201,
              188,
              128,
              206,
              53,
              210,
              232,
              84,
              61,
              152,
            ],
            "type": "Buffer",
          },
          Object {
            "data": Array [
              145,
              57,
              201,
              31,
              138,
              10,
              161,
              251,
              56,
              87,
              112,
              254,
              175,
              41,
              155,
              153,
              136,
              58,
              236,
              45,
            ],
            "type": "Buffer",
          },
          Object {
            "data": Array [
              147,
              111,
              58,
              15,
              77,
              119,
              107,
              106,
              119,
              34,
              237,
              18,
              110,
              143,
              241,
              123,
              68,
              215,
              231,
              184,
            ],
            "type": "Buffer",
          },
          Object {
            "data": Array [
              148,
              20,
              108,
              152,
              137,
              116,
              140,
              123,
              114,
              126,
              179,
              172,
              140,
              32,
              229,
              60,
              82,
              239,
              253,
              50,
            ],
            "type": "Buffer",
          },
          Object {
            "data": Array [
              155,
              66,
              228,
              38,
              64,
              32,
              243,
              195,
              220,
              170,
              237,
              128,
              101,
              120,
              204,
              212,
              105,
              32,
              80,
              96,
            ],
            "type": "Buffer",
          },
          Object {
            "data": Array [
              156,
              171,
              238,
              61,
              39,
              66,
              102,
              118,
              184,
              82,
              206,
              107,
              128,
              76,
              178,
              253,
              255,
              124,
              208,
              181,
            ],
            "type": "Buffer",
          },
          Object {
            "data": Array [
              157,
              1,
              73,
              176,
              150,
              45,
              68,
              191,
              192,
              138,
              159,
              100,
              213,
              175,
              206,
              182,
              40,
              29,
              127,
              181,
            ],
            "type": "Buffer",
          },
          Object {
            "data": Array [
              160,
              98,
              4,
              114,
              205,
              224,
              62,
              119,
              202,
              236,
              231,
              1,
              171,
              123,
              197,
              146,
              138,
              93,
              54,
              124,
            ],
            "type": "Buffer",
          },
          Object {
            "data": Array [
              160,
              188,
              80,
              178,
              126,
              122,
              195,
              144,
              96,
              237,
              1,
              90,
              85,
              242,
              244,
              80,
              140,
              132,
              240,
              194,
            ],
            "type": "Buffer",
          },
          Object {
            "data": Array [
              162,
              141,
              94,
              52,
              0,
              127,
              216,
              254,
              109,
              121,
              3,
              4,
              78,
              178,
              58,
              96,
              253,
              173,
              60,
              0,
            ],
            "type": "Buffer",
          },
          Object {
            "data": Array [
              166,
              246,
              160,
              84,
              58,
              228,
              112,
              198,
              176,
              86,
              2,
              28,
              178,
              172,
              21,
              51,
              104,
              234,
              254,
              236,
            ],
            "type": "Buffer",
          },
          Object {
            "data": Array [
              169,
              198,
              102,
              148,
              221,
              101,
              178,
              253,
              244,
              12,
              223,
              69,
              160,
              195,
              8,
              203,
              211,
              128,
              4,
              252,
            ],
            "type": "Buffer",
          },
          Object {
            "data": Array [
              171,
              0,
              65,
              167,
              211,
              247,
              178,
              194,
              144,
              181,
              184,
              52,
              212,
              107,
              220,
              123,
              126,
              184,
              88,
              21,
            ],
            "type": "Buffer",
          },
          Object {
            "data": Array [
              171,
              210,
              237,
              90,
              211,
              91,
              58,
              8,
              112,
              170,
              218,
              230,
              220,
              234,
              204,
              152,
              139,
              166,
              56,
              149,
            ],
            "type": "Buffer",
          },
          Object {
            "data": Array [
              172,
              251,
              219,
              174,
              185,
              61,
              88,
              113,
              112,
              199,
              205,
              156,
              11,
              95,
              253,
              235,
              127,
              249,
              218,
              236,
            ],
            "type": "Buffer",
          },
          Object {
            "data": Array [
              173,
              66,
              248,
              232,
              103,
              214,
              24,
              23,
              27,
              244,
              152,
              46,
              100,
              38,
              148,
              66,
              20,
              143,
              110,
              17,
            ],
            "type": "Buffer",
          },
          Object {
            "data": Array [
              174,
              189,
              153,
              240,
              114,
              24,
              16,
              145,
              98,
              169,
              5,
              208,
              224,
              201,
              30,
              88,
              190,
              220,
              131,
              197,
            ],
            "type": "Buffer",
          },
          Object {
            "data": Array [
              177,
              28,
              88,
              17,
              234,
              7,
              74,
              48,
              20,
              45,
              130,
              75,
              110,
              140,
              253,
              61,
              241,
              75,
              38,
              136,
            ],
            "type": "Buffer",
          },
          Object {
            "data": Array [
              180,
              133,
              190,
              205,
              136,
              219,
              26,
              179,
              213,
              86,
              212,
              5,
              32,
              68,
              81,
              186,
              0,
              173,
              170,
              125,
            ],
            "type": "Buffer",
          },
          Object {
            "data": Array [
              181,
              67,
              226,
              229,
              146,
              32,
              11,
              235,
              56,
              35,
              95,
              110,
              72,
              248,
              171,
              225,
              216,
              122,
              216,
              114,
            ],
            "type": "Buffer",
          },
          Object {
            "data": Array [
              181,
              108,
              85,
              185,
              167,
              12,
              142,
              47,
              7,
              151,
              155,
              134,
              35,
              116,
              174,
              208,
              233,
              42,
              109,
              218,
            ],
            "type": "Buffer",
          },
          Object {
            "data": Array [
              183,
              88,
              9,
              105,
              221,
              86,
              21,
              31,
              96,
              137,
              49,
              241,
              38,
              247,
              147,
              187,
              244,
              93,
              143,
              160,
            ],
            "type": "Buffer",
          },
          Object {
            "data": Array [
              183,
              106,
              15,
              24,
              25,
              196,
              190,
              10,
              20,
              130,
              86,
              124,
              169,
              185,
              251,
              237,
              62,
              218,
              68,
              76,
            ],
            "type": "Buffer",
          },
          Object {
            "data": Array [
              189,
              23,
              87,
              41,
              212,
              23,
              114,
              89,
              199,
              28,
              241,
              63,
              212,
              236,
              251,
              93,
              1,
              84,
              39,
              6,
            ],
            "type": "Buffer",
          },
          Object {
            "data": Array [
              190,
              137,
              244,
              233,
              131,
              223,
              176,
              78,
              43,
              88,
              161,
              46,
              185,
              237,
              24,
              20,
              158,
              16,
              139,
              7,
            ],
            "type": "Buffer",
          },
          Object {
            "data": Array [
              195,
              171,
              42,
              194,
              53,
              18,
              217,
              191,
              98,
              176,
              39,
              117,
              226,
              44,
              248,
              13,
              248,
              20,
              235,
              27,
            ],
            "type": "Buffer",
          },
          Object {
            "data": Array [
              198,
              151,
              182,
              32,
              199,
              196,
              1,
              94,
              50,
              221,
              123,
              221,
              125,
              4,
              48,
              179,
              52,
              4,
              225,
              7,
            ],
            "type": "Buffer",
          },
          Object {
            "data": Array [
              201,
              133,
              84,
              18,
              48,
              98,
              172,
              87,
              149,
              163,
              238,
              144,
              91,
              8,
              30,
              134,
              61,
              181,
              168,
              24,
            ],
            "type": "Buffer",
          },
          Object {
            "data": Array [
              202,
              48,
              154,
              95,
              75,
              191,
              17,
              202,
              134,
              89,
              47,
              235,
              182,
              210,
              204,
              199,
              131,
              9,
              246,
              158,
            ],
            "type": "Buffer",
          },
          Object {
            "data": Array [
              202,
              95,
              109,
              118,
              234,
              182,
              228,
              245,
              170,
              206,
              226,
              134,
              76,
              121,
              3,
              77,
              113,
              17,
              185,
              134,
            ],
            "type": "Buffer",
          },
          Object {
            "data": Array [
              203,
              87,
              158,
              229,
              55,
              179,
              73,
              38,
              212,
              113,
              41,
              160,
              181,
              76,
              14,
              109,
              0,
              239,
              48,
              4,
            ],
            "type": "Buffer",
          },
          Object {
            "data": Array [
              208,
              111,
              230,
              211,
              229,
              247,
              250,
              203,
              88,
              85,
              236,
              168,
              57,
              66,
              47,
              227,
              130,
              74,
              93,
              110,
            ],
            "type": "Buffer",
          },
          Object {
            "data": Array [
              208,
              160,
              228,
              91,
              149,
              14,
              56,
              113,
              216,
              120,
              59,
              151,
              52,
              9,
              4,
              43,
              74,
              179,
              130,
              212,
            ],
            "type": "Buffer",
          },
          Object {
            "data": Array [
              210,
              201,
              169,
              55,
              85,
              174,
              210,
              12,
              77,
              143,
              85,
              193,
              233,
              43,
              129,
              45,
              44,
              125,
              73,
              210,
            ],
            "type": "Buffer",
          },
          Object {
            "data": Array [
              211,
              200,
              6,
              77,
              1,
              30,
              248,
              83,
              227,
              190,
              80,
              107,
              149,
              160,
              69,
              244,
              31,
              120,
              231,
              42,
            ],
            "type": "Buffer",
          },
          Object {
            "data": Array [
              213,
              189,
              32,
              80,
              183,
              75,
              48,
              157,
              84,
              129,
              156,
              161,
              122,
              221,
              23,
              60,
              111,
              202,
              30,
              22,
            ],
            "type": "Buffer",
          },
          Object {
            "data": Array [
              213,
              196,
              227,
              128,
              177,
              236,
              47,
              127,
              32,
              104,
              207,
              186,
              154,
              144,
              203,
              58,
              231,
              129,
              97,
              16,
            ],
            "type": "Buffer",
          },
          Object {
            "data": Array [
              213,
              225,
              245,
              44,
              190,
              74,
              17,
              163,
              115,
              11,
              152,
              245,
              33,
              9,
              181,
              118,
              2,
              169,
              196,
              161,
            ],
            "type": "Buffer",
          },
          Object {
            "data": Array [
              216,
              230,
              17,
              186,
              253,
              112,
              165,
              73,
              240,
              53,
              207,
              97,
              171,
              13,
              110,
              217,
              231,
              242,
              92,
              78,
            ],
            "type": "Buffer",
          },
          Object {
            "data": Array [
              220,
              181,
              191,
              53,
              182,
              213,
              33,
              25,
              94,
              97,
              60,
              66,
              72,
              63,
              82,
              1,
              57,
              226,
              51,
              29,
            ],
            "type": "Buffer",
          },
          Object {
            "data": Array [
              223,
              14,
              24,
              123,
              179,
              137,
              88,
              6,
              38,
              28,
              135,
              207,
              102,
              225,
              119,
              37,
              102,
              238,
              142,
              88,
            ],
            "type": "Buffer",
          },
          Object {
            "data": Array [
              226,
              149,
              10,
              159,
              7,
              180,
              78,
              114,
              77,
              242,
              18,
              147,
              96,
              204,
              20,
              2,
              147,
              192,
              131,
              8,
            ],
            "type": "Buffer",
          },
          Object {
            "data": Array [
              227,
              147,
              22,
              204,
              2,
              0,
              137,
              234,
              122,
              86,
              20,
              188,
              246,
              154,
              137,
              49,
              193,
              6,
              48,
              167,
            ],
            "type": "Buffer",
          },
          Object {
            "data": Array [
              233,
              53,
              81,
              82,
              193,
              23,
              201,
              225,
              250,
              216,
              190,
              134,
              233,
              171,
              234,
              150,
              28,
              239,
              74,
              54,
            ],
            "type": "Buffer",
          },
          Object {
            "data": Array [
              247,
              48,
              203,
              146,
              154,
              28,
              69,
              3,
              35,
              135,
              195,
              69,
              225,
              13,
              36,
              39,
              190,
              165,
              90,
              94,
            ],
            "type": "Buffer",
          },
          Object {
            "data": Array [
              250,
              82,
              106,
              22,
              17,
              204,
              198,
              109,
              236,
              129,
              92,
              185,
              99,
              23,
              65,
              24,
              7,
              75,
              115,
              110,
            ],
            "type": "Buffer",
          },
          Object {
            "data": Array [
              255,
              206,
              140,
              226,
              37,
              197,
              216,
              0,
              152,
              245,
              14,
              135,
              113,
              37,
              182,
              85,
              174,
              246,
              209,
              1,
            ],
            "type": "Buffer",
          },
        ],
        "initRounds": 3,
      },
      "generatorPublicKey": Object {
        "data": Array [],
        "type": "Buffer",
      },
      "height": 0,
      "id": Object {
        "data": Array [
          102,
          131,
          99,
          25,
          131,
          102,
          219,
          218,
          84,
          207,
          101,
          13,
          28,
          60,
          4,
          252,
          230,
          187,
          100,
          98,
          118,
          136,
          171,
          182,
          131,
          53,
          238,
          109,
          226,
          101,
          41,
          243,
        ],
        "type": "Buffer",
      },
      "previousBlockID": Object {
        "data": Array [],
        "type": "Buffer",
      },
      "reward": 0n,
      "signature": Object {
        "data": Array [],
        "type": "Buffer",
      },
      "timestamp": 123456789,
      "transactionRoot": Object {
        "data": Array [
          227,
          176,
          196,
          66,
          152,
          252,
          28,
          20,
          154,
          251,
          244,
          200,
          153,
          111,
          185,
          36,
          39,
          174,
          65,
          228,
          100,
          155,
          147,
          76,
          164,
          149,
          153,
          27,
          120,
          82,
          184,
          85,
        ],
        "type": "Buffer",
      },
      "version": 0,
    },
    "payload": Array [],
  },
  "genesisBlockJSON": Object {
    "header": Object {
      "asset": Object {
        "accounts": Array [],
        "initDelegates": Array [
          "03f6d90b7dbd0497dc3a52d1c27e23bb8c75897f",
          "0903f4c5cb599a7928aef27e314e98291d1e3888",
          "0ada6a2f6c8f891769366fc9aa6fd9f1facb36cf",
          "0bc3bec2fdb565996fd316e368e66e5d8e830808",
          "0d2c377e936b68c70066613b10c0fdad537f90da",
          "0f33a5033b750e6c4dca47e38ba020e912df143e",
          "1ac73bff74924ad9b74236c4962be27174ae87d0",
          "1c194c2be1cc53f663a93c64899cbaa34016f415",
          "2159f75e5440c36431aedbc7dc29a65a327778b8",
          "246fba5c519576d93c5fac899c44b29b72f526ae",
          "24c130eb6cc0d8f663a8f6d16ffc61f935a2e02e",
          "27843a60a1e044c1e6e3cf119fdf64eb2b3e0d94",
          "290abc4a2244bf0ecf5aa1ccee8ac8f60f8bce48",
          "2cf52c08cc76091d884e800c1c697b13f69907d4",
          "308a95d1d3f7bb556f48da4f4344566e59f6f1cb",
          "31204ad5b95dd922c2899aa5bf8e7ee5b7546af3",
          "31fe789b43277e35ab410f2afcfb574280af2dd8",
          "328d0f546695c5fa02105deb055cf2801d9b8ba1",
          "3b3e137b1bec6f20c9a8b2ad4f5784661fb0fa79",
          "3b96d8565569421f43684b2c4eaa0639cbb5e011",
          "3c80e7d9964a1c83a6dd5dc64e105e0e634bd58a",
          "3de95e18f18a54e2269bbf8f1a38ea70762c73fa",
          "3deeb0a7426a028b435b4ddd8d35ac85cf567237",
          "436b40f58c0c27ed133f6001a019ff25561efad4",
          "463e7e879b7bdc6a97ec02a2a603aa1a46a04c80",
          "4b6126597881cb6ba1a45c1f6286769e7a094fb4",
          "4e874bcfb6f5896fe9e5dab3b26f59b2e2a9c09b",
          "4f4422eb61c45edb4d76f10cd871c9f983f2ebaa",
          "4fd52f67f151fbbdda9dd92a714884a399830eca",
          "4fd8cc4e27a3489b57ed986efe3d327d3de40d92",
          "52f9cdcff0605241c78278690ae36eb0136a30ff",
          "5853a3f24990deecced49d6bc15990102ec0c33a",
          "58d907d26508603e838423daa2061c29c7a84950",
          "5ade564399e670bd1d429583059067f3a6ca2b7f",
          "5cd1d0ccf98f2bd5a4bfaa770d55f16498af0bcc",
          "5fbd442a4647b079cda1229ecf6d8f44f361c8ca",
          "6174515fa66c91bff1128913edd4e0f1de37cee0",
          "61f396d2a4a13ab7a39ba791fac4b921b54a208e",
          "6330fd8ae91df4a5d7fbc2390c182ec6676dc5a6",
          "657f610728eef97d55e50212871f0993bb7cc700",
          "65f927187bf96aac5d968fcc9351e5492b5f9356",
          "6b9895c31bcdb2d9c929b9da7e389ed91de672a0",
          "6e12e4498ae69fb07ff2d8aab036a911229d6c62",
          "6ffcd8ad547d8a549a31b25236e322c781a52d85",
          "70abf056bd92e8f77cfc551748fa54a4e3018d5f",
          "79f30c1cbc1b9c4949c8b85acc24a7578e01558b",
          "7d2c6781d873ed2ba7a87f46f735f5e15a41a6f1",
          "7d60db187337cbd881140d69d84c9246eda8382e",
          "8074f0d02f748fc55448a4bf200f1dade8517059",
          "82cbc7b39d35af358f9e2513af13b2f77b647a00",
          "8459b8870fcefff59f172d716b7bfe9fcc28d408",
          "8506f3c10f75044946f1a23a7caf578253649471",
          "8722453383f781d5427a4ee211020e49bf34a2b9",
          "89b144ecfdd5ea352083bf624d3cf842ec06a5e3",
          "8ac800124d5b16afd57b5cf7245edfcd5885ea3b",
          "8b1c221a030cf720736d9fb7d0499dd7276fc1b3",
          "8eceffd5a41e678b6467c9bc80ce35d2e8543d98",
          "9139c91f8a0aa1fb385770feaf299b99883aec2d",
          "936f3a0f4d776b6a7722ed126e8ff17b44d7e7b8",
          "94146c9889748c7b727eb3ac8c20e53c52effd32",
          "9b42e4264020f3c3dcaaed806578ccd469205060",
          "9cabee3d27426676b852ce6b804cb2fdff7cd0b5",
          "9d0149b0962d44bfc08a9f64d5afceb6281d7fb5",
          "a0620472cde03e77caece701ab7bc5928a5d367c",
          "a0bc50b27e7ac39060ed015a55f2f4508c84f0c2",
          "a28d5e34007fd8fe6d7903044eb23a60fdad3c00",
          "a6f6a0543ae470c6b056021cb2ac153368eafeec",
          "a9c66694dd65b2fdf40cdf45a0c308cbd38004fc",
          "ab0041a7d3f7b2c290b5b834d46bdc7b7eb85815",
          "abd2ed5ad35b3a0870aadae6dceacc988ba63895",
          "acfbdbaeb93d587170c7cd9c0b5ffdeb7ff9daec",
          "ad42f8e867d618171bf4982e64269442148f6e11",
          "aebd99f07218109162a905d0e0c91e58bedc83c5",
          "b11c5811ea074a30142d824b6e8cfd3df14b2688",
          "b485becd88db1ab3d556d405204451ba00adaa7d",
          "b543e2e592200beb38235f6e48f8abe1d87ad872",
          "b56c55b9a70c8e2f07979b862374aed0e92a6dda",
          "b7580969dd56151f608931f126f793bbf45d8fa0",
          "b76a0f1819c4be0a1482567ca9b9fbed3eda444c",
          "bd175729d4177259c71cf13fd4ecfb5d01542706",
          "be89f4e983dfb04e2b58a12eb9ed18149e108b07",
          "c3ab2ac23512d9bf62b02775e22cf80df814eb1b",
          "c697b620c7c4015e32dd7bdd7d0430b33404e107",
          "c98554123062ac5795a3ee905b081e863db5a818",
          "ca309a5f4bbf11ca86592febb6d2ccc78309f69e",
          "ca5f6d76eab6e4f5aacee2864c79034d7111b986",
          "cb579ee537b34926d47129a0b54c0e6d00ef3004",
          "d06fe6d3e5f7facb5855eca839422fe3824a5d6e",
          "d0a0e45b950e3871d8783b973409042b4ab382d4",
          "d2c9a93755aed20c4d8f55c1e92b812d2c7d49d2",
          "d3c8064d011ef853e3be506b95a045f41f78e72a",
          "d5bd2050b74b309d54819ca17add173c6fca1e16",
          "d5c4e380b1ec2f7f2068cfba9a90cb3ae7816110",
          "d5e1f52cbe4a11a3730b98f52109b57602a9c4a1",
          "d8e611bafd70a549f035cf61ab0d6ed9e7f25c4e",
          "dcb5bf35b6d521195e613c42483f520139e2331d",
          "df0e187bb3895806261c87cf66e1772566ee8e58",
          "e2950a9f07b44e724df2129360cc140293c08308",
          "e39316cc020089ea7a5614bcf69a8931c10630a7",
          "e9355152c117c9e1fad8be86e9abea961cef4a36",
          "f730cb929a1c45032387c345e10d2427bea55a5e",
          "fa526a1611ccc66dec815cb963174118074b736e",
          "ffce8ce225c5d80098f50e877125b655aef6d101",
        ],
        "initRounds": 3,
      },
      "generatorPublicKey": "",
      "height": 0,
      "id": "668363198366dbda54cf650d1c3c04fce6bb64627688abb68335ee6de26529f3",
      "previousBlockID": "",
      "reward": "0",
      "signature": "",
      "timestamp": 123456789,
      "transactionRoot": "e3b0c44298fc1c149afbf4c8996fb92427ae41e4649b934ca495991b7852b855",
      "version": 0,
    },
    "payload": Array [],
  },
}
`;
