// Jest Snapshot v1, https://goo.gl/fbAQLP

exports[`Create Genesis Block should return a valid genesis block 1`] = `
Object {
  "header": Object {
    "asset": Object {
      "accounts": Array [],
      "initDelegates": Array [],
      "initRounds": 3,
    },
    "generatorPublicKey": Object {
      "data": Array [],
      "type": "Buffer",
    },
    "height": 0,
    "id": Object {
      "data": Array [
        109,
        35,
        100,
        136,
        189,
        44,
        34,
        223,
        25,
        205,
        73,
        42,
        205,
        161,
        242,
        166,
        100,
        205,
        158,
        57,
        108,
        161,
        181,
        215,
        151,
        119,
        249,
        72,
        72,
        10,
        89,
        70,
      ],
      "type": "Buffer",
    },
    "previousBlockID": Object {
      "data": Array [],
      "type": "Buffer",
    },
    "reward": 0n,
    "signature": Object {
      "data": Array [],
      "type": "Buffer",
    },
    "timestamp": 123456789,
    "transactionRoot": Object {
      "data": Array [
        227,
        176,
        196,
        66,
        152,
        252,
        28,
        20,
        154,
        251,
        244,
        200,
        153,
        111,
        185,
        36,
        39,
        174,
        65,
        228,
        100,
        155,
        147,
        76,
        164,
        149,
        153,
        27,
        120,
        82,
        184,
        85,
      ],
      "type": "Buffer",
    },
    "version": 0,
  },
  "payload": Array [],
}
`;
