// Jest Snapshot v1, https://goo.gl/fbAQLP

exports[`utils getAccountSchemaFromModules should get schema object for modules 1`] = `
Object {
  "sequence": Object {
    "default": Object {
      "nonce": 0n,
    },
    "fieldNumber": 3,
    "properties": Object {
      "nonce": Object {
        "dataType": "uint64",
        "fieldNumber": 1,
      },
    },
    "type": "object",
  },
  "token": Object {
    "default": Object {
      "balance": 0n,
    },
    "fieldNumber": 2,
    "properties": Object {
      "balance": Object {
        "dataType": "uint64",
        "fieldNumber": 1,
      },
    },
    "type": "object",
  },
}
`;
