// Jest Snapshot v1, https://goo.gl/fbAQLP

exports[`Account endpoint /api/accounts should respond with account when account found in db 1`] = `
Object {
  "data": Object {
    "address": "9d0149b0962d44bfc08a9f64d5afceb6281d7fb5",
    "dpos": Object {
      "delegate": Object {
        "consecutiveMissedBlocks": 0,
        "isBanned": false,
        "lastForgedHeight": 0,
        "pomHeights": Array [],
        "totalVotesReceived": "0",
        "username": "delegate_4",
      },
      "sentVotes": Array [],
      "unlocking": Array [],
    },
    "keys": Object {
      "mandatoryKeys": Array [],
      "numberOfSignatures": 0,
      "optionalKeys": Array [],
    },
    "sequence": Object {
      "nonce": "0",
    },
    "token": Object {
      "balance": "0",
    },
  },
  "meta": Object {},
}
`;
