// Jest Snapshot v1, https://goo.gl/fbAQLP

exports[`Delegates endpoint /api/delegates 200 - Success should respond with all the delegates 1`] = `
Object {
  "address": "03f6d90b7dbd0497dc3a52d1c27e23bb8c75897f",
  "dpos": Object {
    "delegate": Object {
      "consecutiveMissedBlocks": 0,
      "isBanned": false,
      "lastForgedHeight": 0,
      "pomHeights": Array [],
      "totalVotesReceived": "0",
      "username": "delegate_33",
    },
    "sentVotes": Array [],
    "unlocking": Array [],
  },
  "keys": Object {
    "mandatoryKeys": Array [],
    "numberOfSignatures": 0,
    "optionalKeys": Array [],
  },
  "sequence": Object {
    "nonce": "0",
  },
  "token": Object {
    "balance": "0",
  },
}
`;
