// Jest Snapshot v1, https://goo.gl/fbAQLP

exports[`abi handler init should return valid response 1`] = `
Object {
  "generator": Object {
    "force": false,
    "keys": Array [],
    "password": "",
  },
  "genesis": Object {
    "bftBatchSize": 103,
    "blockTime": 10,
    "communityIdentifier": "sdk",
    "maxTransactionsSize": 15360,
    "minFeePerByte": 1000,
  },
  "logger": Object {
    "consoleLogLevel": "none",
    "fileLogLevel": "info",
    "logFileName": "lisk.log",
  },
  "network": Object {
    "advertiseAddress": false,
    "blacklistedIPs": Array [],
    "fixedPeers": Array [],
    "hostIP": "127.0.0.1",
    "maxInboundConnections": 100,
    "maxOutboundConnections": 20,
    "port": 5000,
    "seedPeers": Array [],
    "whitelistedPeers": Array [],
  },
  "rpc": Object {
    "http": Object {
      "host": "127.0.0.1",
      "port": 8000,
    },
    "ipc": Object {
      "path": "/User/lisk/.lisk/beta-sdk-app/socket/ipc",
    },
    "modes": Array [
      "ipc",
    ],
    "ws": Object {
      "host": "127.0.0.1",
      "port": 8080,
    },
  },
  "system": Object {
    "dataPath": "/User/lisk/.lisk/beta-sdk-app",
    "keepEventsForHeights": 300,
    "maxBlockCache": 515,
    "networkVersion": "1.1",
    "version": "0.0.0",
  },
  "txpool": Object {
    "maxTransactions": 4096,
    "maxTransactionsPerAccount": 4096,
    "minEntranceFeePriority": 0n,
    "minReplacementFeeDifference": 10n,
    "transactionExpiryTime": 10800000,
  },
}
`;
