// Jest Snapshot v1, https://goo.gl/fbAQLP

exports[`DashboardPlugin constructor should load default config 1`] = `undefined`;

exports[`DashboardPlugin defaults should return valid config schema with default options 1`] = `
{
  "$id": "#/plugins/liskDashboard/config",
  "default": {
    "applicationName": "Lisk",
    "applicationUrl": "ws://127.0.0.1:7887/rpc-ws",
    "host": "127.0.0.1",
    "port": 4005,
  },
  "properties": {
    "applicationName": {
      "description": "Application name to be shown near Logo",
      "type": "string",
    },
    "applicationUrl": {
      "description": "URL to connect",
      "format": "uri",
      "type": "string",
    },
    "host": {
      "format": "ip",
      "type": "string",
    },
    "port": {
      "maximum": 65535,
      "minimum": 1,
      "type": "integer",
    },
  },
  "required": [],
  "type": "object",
}
`;
