// Jest Snapshot v1, https://goo.gl/fbAQLP

exports[`genesis block given the application has not been initialized when chain module is bootstrapped should have correct validator list 1`] = `
Array [
  "lskzbfnydosaoobnohtwxaf6ukw6uux7kjw4n9x9z",
  "lskz3efmer9ue4m79zdfysmkc2juywap4sq3x4x8v",
  "lskzehue2gvhoj2mmxcf346tr6ugzcyrogot4dsw7",
  "lskzjaf6dqn2erfyhaeykkx93gfhyduydrt7jfcmj",
  "lskxbfbn25928s6o93kcvn57fk8wkav77za8boa8n",
  "lskx8sbsn3epecou3n6k294aa2j6p96r95mgvkd4d",
  "lskx2zmbmhj54fc6sur6u6xmss63qk438quuv4uvd",
  "lskxasqfwd7ufdcneq3xampjbcjhdv8c33c8da9st",
  "lskvw8rzzk7avbn3yeccgxnxdkzntrdafa8njx486",
  "lskvap66hz3jkcfgdrjju2qfu252m9njojg7dfbz5",
  "lskczwthudebbvx8q4dtbhhdpgnf6gukk49t7xq3f",
  "lskcnwoypw42opf9pmjb8a9mphdo9dy9kwocfkj33",
  "lskpaycyn8vfoz2624tv4drtf528vcr25yarhkj27",
  "lskpdkhogoksw32w72o7ko87zy37vrchprncaygt7",
  "lskmncre4ugrobe8c5d9seg7fxavb9qhh85tru872",
  "lskmnqzqp9zgc7cot493ymf9mxp2ftbkwyfvvvs5s",
  "lskm9syv4wrjcjczpegz65zqxhk2cp9dkejs5wbjb",
  "lskbocsxano2synz65arf57urdod9vpnz92jyutba",
  "lskbkjaf6rz7q3gr7685st45enck6gg2rv3cwnxfg",
  "lsknawvw3g22pqpthpu7hp7gdaw4tcdhyqg3kcgft",
  "lsk3nck2ss265ewz83an7sm8sxeprj8gb8jpwghh6",
  "lsk35fujsdcztvdogxkrtw9qmhvgfe54hguvk9d42",
  "lsk3rch28vxptrn25ycwbkedsdfjrbba6p449qxv3",
  "lsk4vzmwoj9u2ux3rbb3ooc562bufd54c4g53c9pa",
  "lsk4m2j556votnsw4pp3razmekra9j7k3h53g892e",
  "lsk4ndymyurug4tjd7by4c2data8ugu8z9htz4pgk",
  "lsk49yq7wmrdj5g4qwfqkhh8dfajm6e5jy6kpcw7s",
  "lsk4yhn48oqrcop2dcf9rx98chwq5xd78ncdp5dze",
  "lsk6x5ho6afapgz3m9dsjkta69pypcpnjfhgvf57g",
  "lsk6xuxd9ce8zp2rhh4w4xxy67bem4p26rve5d9yv",
  "lsk6m3fpdoma2wn8heojbcq7yvkfztd4wocd5jcd9",
  "lsk67tphq7jv2de48ny9vg7m3g3obqhohg62ednwz",
  "lsk62zyuwd54u7j66e5j5nsb7se4o9xrrq2y3fad4",
  "lsk5z2xn8uo2nocv2ambo6th95gjaanm23wcdx67k",
  "lsk5ccg4kk4p4gudyoyo8d853yzb6fosvtgvn2bfq",
  "lsk58bg7aw324f9vcuxzvccp2w9g5j3rgjtxdrsoe",
  "lsk5yt9mvrexh6n3otxzokhn26srb2bnkf2n8sc2j",
  "lsk52ng6x2mfwuzsm3njqjd6qjv3qog5m9zcuar9t",
  "lsko8fvaz2es3gq2bs74h5bspn3v83o56ug4vxsy8",
  "lsk99zx2f7puw9o2y4b5qa8gro6ex3vym63zhbzwj",
  "lsk9jbaupyvhrjqgqgmw5txwe9oebrfrn3w9utamt",
  "lsk9guc8mhbojn9sku37rc9cj4x9qjqx37kb7rofa",
  "lsk7bnnadbvkodpybftfd37c3ken7so2rmrvaq9v2",
  "lsk73nedj8mrndscm5j3rfpmyhvxfwfztuesfns27",
  "lsk7o85r3r6a5pghy46euzvsqysxxaja6ojwjjxnm",
  "lsk7kstn55oz7v5w6526w2m3w667kzmwkyu3heou5",
  "lsk7f94sph9ekaj6ht69ve9p4474ug7t4k3q8eooh",
  "lsku8cgpnxahzpm2dsomh8cbmpak8ndohdy7zyarm",
  "lsku8gq5pzxkmjjsvmybbqogoss758hzrwyt5e2ha",
  "lskyzpc2mo744vxv64zvjwzxu3v8zrgkpfdxjfnwt",
  "lsky9xy9pje4mhwm2pece6m2nqka5b7wh6t3pd6nk",
  "lskr6n7zz8nu4s3x3srjagwg6x9s93gwdrtthdfdc",
  "lskr5m8s55pesnwt3xa7h95bseno57ss8jd9xhjhz",
  "lskr585ygymbs7zysufsq8ajvt675afk67s4yroy2",
  "lskrdbaq6dvmxqapr9y9tooxeupjcxfdfbxjmsaxh",
  "lskkxybysk3zzvn8cfoyezjj4aerqezowjy3kmduj",
  "lskk56ykf5a2eu3bbergzfjkxnk2tsec74ao7a7ce",
  "lskkkr49g8r3km2hvscqqw5j9muk3qxpfq8e8r5zo",
  "lskka2o6t77y275ydsrrhf4nwy74a9ja9au93r3db",
  "lskq4b6wfw3xj88z3hh3eh79f4obsgshpzfjkzuve",
  "lskempncjfw37rqcopncoc557dyrapbwgfsf7s84t",
  "lskemoeqpxmrcog9fakup7vfbpdd5hzgpvqb37uuf",
  "lske79szyjcb338j5nktwtzfne5dqx4yeky4bmc36",
  "lske2p8qzvckrmuwxyy4tga5ht3gzfoohjcwn6h5r",
  "lskw37yrrj5sob5ccrcqw8yrpsgycqouptaaah3vh",
  "lskw6eje9bqdgbfcoohcv6h3cwy3nh4xcy3596jqa",
  "lskwrf47r72v4kwztoxtzu9c6dmfxk3dssqf5k7b3",
  "lskwdebjq43kqxryvkdgrs5xncoeq98kztgz24mq9",
  "lsk2o6apwx97jj8brbvtubw3zuusmzbhbphdewywg",
  "lsk29kv8aaazygokvjhsgebdkqq7qdeq6nek64nhj",
  "lskab6r8u2gdgcexuuo9pvrh8omfq5rj24huhsb3h",
  "lskabs6hup2yrjdgp2ubo8sfpyjh7j84xoyqjjpe6",
  "lska6emdpsggs59yont5mkkbdpgxj45s8dsd7a6vq",
  "lska5wdez5r8ngm7gnne29xjas8mdezgdohg8x22g",
  "lskaoj7mhymh8fg99acmyegqtdfsrfmz9rtwngutw",
  "lska9czwhconcuf42em4phwa4sagn2oc5wqhkyn3z",
  "lskajfx3yrnqo7nz29dfq7cdexwnhsygtuh9sxzxq",
  "lskdn4r84twy6gghbp3wmv3h2y2k434duxb48smtu",
  "lskd559jb62xz7gz46k8q3emcq4p7spybjf9kb6xp",
  "lskd2e7stmpavszb2vanfpty38xckb8sdtxq3ydks",
  "lsksu2dvcqbhposutzmfgtgfpphghtvcjovot3hxj",
  "lsksrcpvqtnrwxs4wwswxyndcq7g9gw7h9f5gyyz2",
  "lsksqjunjzxkhh66k7hmpd7onudv7fbcvu5c63vrr",
  "lskswkz494fvn9ox26tarxjqtn9krhy8woqh9zsd7",
  "lsksd5ywxrkfxwr2e9j94ygcdx6uw93hwxwrg5sxx",
  "lsksh2u2myvhrhap6rem2qrn4xvjhfmf72uc8te55",
  "lskjzazttbq7e9h4fut39tqt9a6o3mohcgvc7xaqt",
  "lskhbspwdb7q6rz29h6q7dzmsucyxqt5kcoh2ntop",
  "lskh5garjfhbnu96ay8jcf48ksqm4fprvmjqjjnjv",
  "lskh83auhm8gzzm3vkeg5zcjncqvgym3m4wxxvc58",
  "lskhr2u9a6nttptb5uaaa65gbwsnu84qcmf6xhch3",
  "lskhkv238kpyh3megyu3597jzgydsbgsp9pyz67wr",
  "lskhfwpgm6k7mxeuyttfdctx2efp8vpb5aksbyjoe",
  "lskfzmz5q5ohus66p3qrhwbo66662g6v67xszupb6",
  "lskfbshouzfxtdffvth36hs4rnpoq2wphoojm7j2e",
  "lskfneqvpykn69d4t3u3dshvhfrfhqubfssu53xo8",
  "lskf9fjmrn5jov3vedtwqz4twqjdz55w6nr94vabd",
  "lskf25agk9xp2wg655x2doxr4t3buf4chy3ya2qnm",
  "lskgt56uxf6dg9rsjvucuga5hxumqqazgw8wugv3s",
  "lskgd8uwxw4og6fteefvwnsgvevnheqs2up4paqko",
  "lskgf35ftsjy7m92wx8rwfz8p6z2h7em7ah8aj375",
]
`;
