// Jest Snapshot v1, https://goo.gl/fbAQLP

exports[`Node getEndpoints should not change the exposed endpoints unintentionally 1`] = `
Array [
  "getBlockByID",
  "getBlocksByIDs",
  "getBlockByHeight",
  "getBlocksByHeightBetween",
  "getTransactionByID",
  "getTransactionsByIDs",
  "getLastBlock",
  "getSchema",
  "getRegisteredModules",
  "getNodeInfo",
  "getEvents",
  "proveEvents",
  "postTransaction",
  "getForgingStatus",
  "getTransactionsFromPool",
  "updateForgingStatus",
]
`;
