// Jest Snapshot v1, https://goo.gl/fbAQLP

exports[`P2P.request should make request to the network; it should reach a single peer 1`] = `
Object {
  "data": Object {
    "nodePort": 5000,
    "requestData": "bar",
    "requestPeerId": "127.0.0.1:5001",
    "requestProcedure": "foo",
  },
  "peerId": "127.0.0.1:5001",
}
`;
