// Jest Snapshot v1, https://goo.gl/fbAQLP

exports[`Transfer transaction class #sign should have two signatures for a multisignature account used as 2nd passphrase account 1`] = `
Array [
  Object {
    "data": Array [
      128,
      74,
      23,
      176,
      114,
      103,
      246,
      13,
      35,
      76,
      206,
      5,
      9,
      5,
      197,
      119,
      172,
      112,
      95,
      46,
      139,
      51,
      19,
      41,
      104,
      208,
      187,
      26,
      160,
      54,
      12,
      182,
      15,
      73,
      11,
      171,
      12,
      12,
      200,
      86,
      216,
      240,
      62,
      135,
      170,
      183,
      65,
      179,
      113,
      67,
      46,
      3,
      76,
      172,
      253,
      132,
      164,
      38,
      67,
      152,
      45,
      128,
      175,
      14,
    ],
    "type": "Buffer",
  },
  Object {
    "data": Array [
      193,
      4,
      206,
      94,
      94,
      120,
      93,
      12,
      176,
      8,
      164,
      21,
      18,
      134,
      248,
      116,
      60,
      54,
      193,
      255,
      184,
      160,
      43,
      246,
      4,
      91,
      56,
      0,
      249,
      149,
      217,
      213,
      159,
      122,
      199,
      21,
      229,
      14,
      118,
      182,
      212,
      35,
      230,
      201,
      91,
      155,
      20,
      198,
      147,
      39,
      104,
      111,
      116,
      13,
      114,
      67,
      26,
      210,
      164,
      81,
      195,
      238,
      79,
      7,
    ],
    "type": "Buffer",
  },
]
`;
