// Jest Snapshot v1, https://goo.gl/fbAQLP

exports[`FaucetPlugin configSchema should return valid config schema with default options 1`] = `
{
  "$id": "#/plugins/liskFaucet/config",
  "default": {
    "amount": "100",
    "applicationUrl": "ws://localhost:7887/rpc-ws",
    "fee": "0.1",
    "host": "127.0.0.1",
    "port": 4004,
    "tokenPrefix": "lsk",
  },
  "properties": {
    "amount": {
      "description": "Number of tokens to fund an account per request",
      "type": "string",
    },
    "applicationUrl": {
      "description": "URL to connect",
      "format": "uri",
      "type": "string",
    },
    "captchaSecretkey": {
      "description": "The re-captcha secret key",
      "type": "string",
    },
    "captchaSitekey": {
      "description": "The re-captcha site key",
      "type": "string",
    },
    "encryptedPrivateKey": {
      "description": "Encrypted private key of the faucet account",
      "type": "string",
    },
    "fee": {
      "description": "The transaction fee used to faucet an account",
      "type": "string",
    },
    "host": {
      "format": "ip",
      "type": "string",
    },
    "logoURL": {
      "description": "The URL of the logo used on the UI",
      "format": "uri",
      "type": "string",
    },
    "port": {
      "maximum": 65535,
      "minimum": 1,
      "type": "integer",
    },
    "tokenID": {
      "description": "TokenID of faucet",
      "format": "hex",
      "type": "string",
    },
    "tokenPrefix": {
      "description": "The token prefix associated with your application",
      "type": "string",
    },
  },
  "required": [
    "tokenID",
    "encryptedPrivateKey",
    "captchaSecretkey",
    "captchaSitekey",
  ],
  "type": "object",
}
`;

exports[`FaucetPlugin init should load default config 1`] = `
{
  "amount": "100",
  "applicationUrl": "ws://localhost:7887/rpc-ws",
  "captchaSecretkey": "123",
  "captchaSitekey": "123",
  "encryptedPrivateKey": "kdf=argon2id&cipher=aes-256-gcm&version=1&ciphertext=99053afb5eb03999f06201a0099912cec7826cdc8d9f41fc64d575670128a532f922961353253b4e73815890ed210f637a98e5084e4521a1495f0b793184c5385a965fe70837a8a638f0667c8f803d84872274c4ddc046591c03bed5d141b2193358da2b8db4548ff2dd137dbc796b6fb29acc53362c3a1ea8dd212270a9e2c1&mac=909eba6a8b1b42812f3de13fcdcbe124acd52a40b7ca7e3e9179a2cb8bffa452&salt=082b9d532290492caa842b804517def0&iv=a2947e6a05031e5b4d250604&tag=ca7dab52dccfa9cdb6a74906e84ed625&iterations=1&parallelism=4&memorySize=2024",
  "fee": "0.1",
  "host": "127.0.0.1",
  "port": 4004,
  "tokenID": "0400000000000000",
  "tokenPrefix": "lsk",
}
`;
