// Jest Snapshot v1, https://goo.gl/fbAQLP

exports[`FaucetPlugin configSchema should return valid config schema with default options 1`] = `
{
  "$id": "#/plugins/liskFaucet/config",
  "default": {
    "amount": "100",
    "applicationUrl": "ws://localhost:8080/ws",
    "fee": "0.1",
    "host": "127.0.0.1",
    "port": 4004,
    "tokenPrefix": "lsk",
  },
  "properties": {
    "amount": {
      "description": "Number of tokens to fund an account per request",
      "type": "string",
    },
    "applicationUrl": {
      "description": "URL to connect",
      "format": "uri",
      "type": "string",
    },
    "captchaSecretkey": {
      "description": "The re-captcha secret key",
      "type": "string",
    },
    "captchaSitekey": {
      "description": "The re-captcha site key",
      "type": "string",
    },
    "encryptedPassphrase": {
      "description": "Encrypted passphrase of the genesis account",
      "format": "encryptedPassphrase",
      "type": "string",
    },
    "fee": {
      "description": "The transaction fee used to faucet an account",
      "type": "string",
    },
    "host": {
      "format": "ip",
      "type": "string",
    },
    "logoURL": {
      "description": "The URL of the logo used on the UI",
      "format": "uri",
      "type": "string",
    },
    "port": {
      "maximum": 65535,
      "minimum": 1,
      "type": "integer",
    },
    "tokenPrefix": {
      "description": "The token prefix associated with your application",
      "type": "string",
    },
  },
  "required": [
    "encryptedPassphrase",
    "captchaSecretkey",
    "captchaSitekey",
  ],
  "type": "object",
}
`;

exports[`FaucetPlugin init should load default config 1`] = `
{
  "amount": "100",
  "applicationUrl": "ws://localhost:8080/ws",
  "captchaSecretkey": "123",
  "captchaSitekey": "123",
  "encryptedPassphrase": "salt=683425ca06c9ff88a5ab292bb5066dc5&cipherText=4ce151&iv=bfaeef79a466e370e210f3c6&tag=e84bf097b1ec5ae428dd7ed3b4cce522&version=1",
  "fee": "0.1",
  "host": "127.0.0.1",
  "port": 4004,
  "tokenPrefix": "lsk",
}
`;
