// Jest Snapshot v1, https://goo.gl/fbAQLP

exports[`schema/constants.js constants schema must match to the snapshot. 1`] = `
Object {
  "constants": Object {
    "additionalProperties": false,
    "id": "constants",
    "properties": Object {
      "BLOCK_TIME": Object {
        "default": 10,
        "description": "Slote time interval in seconds",
        "min": 1,
        "type": "number",
      },
      "EPOCH_TIME": Object {
        "default": "2016-05-24T17:00:00.000Z",
        "description": "Timestamp indicating the start of Lisk Core (\`Date.toISOString()\`)",
        "format": "date-time",
        "type": "string",
      },
      "MAX_TRANSACTIONS_PER_BLOCK": Object {
        "default": 25,
        "description": "Maximum number of transactions allowed per block",
        "min": 1,
        "type": "integer",
      },
      "REWARDS": Object {
        "$ref": "rewards",
        "default": Object {
          "DISTANCE": 3000000,
          "MILESTONES": Array [
            "500000000",
            "400000000",
            "300000000",
            "200000000",
            "100000000",
          ],
          "OFFSET": 2160,
        },
      },
    },
    "required": Array [
      "EPOCH_TIME",
      "BLOCK_TIME",
      "MAX_TRANSACTIONS_PER_BLOCK",
      "REWARDS",
    ],
    "type": "object",
  },
  "rewards": Object {
    "additionalProperties": false,
    "description": "Object representing LSK rewards milestone",
    "id": "rewards",
    "properties": Object {
      "DISTANCE": Object {
        "default": 3000000,
        "description": "Distance between each milestone",
        "min": 1,
        "type": "integer",
      },
      "MILESTONES": Object {
        "default": Array [
          "500000000",
          "400000000",
          "300000000",
          "200000000",
          "100000000",
        ],
        "description": "Initial 5, and decreasing until 1",
        "items": Object {
          "format": "amount",
          "type": "string",
        },
        "type": "array",
      },
      "OFFSET": Object {
        "default": 2160,
        "description": "Start rewards at block (n)",
        "min": 1,
        "type": "integer",
      },
    },
    "required": Array [
      "MILESTONES",
      "OFFSET",
      "DISTANCE",
    ],
    "type": "object",
  },
}
`;
