// Jest Snapshot v1, https://goo.gl/fbAQLP

exports[`create should create genesis block 1`] = `
Object {
  "header": Object {
    "asset": Object {
      "accounts": Array [
        Object {
          "address": Object {
            "data": Array [
              35,
              112,
              186,
              152,
              69,
              30,
              31,
              240,
              7,
              2,
              159,
              30,
              96,
              46,
              20,
              187,
              9,
              123,
              81,
              111,
            ],
            "type": "Buffer",
          },
          "asset": Object {
            "delegate": Object {
              "consecutiveMissedBlocks": 0,
              "isBanned": false,
              "lastForgedHeight": 0,
              "pomHeights": Array [],
              "totalVotesReceived": 0n,
              "username": "13462f8e59880cfde6280d34dfd044",
            },
            "sentVotes": Array [],
            "unlocking": Array [],
          },
          "balance": 2620126571n,
          "keys": Object {
            "mandatoryKeys": Array [],
            "numberOfSignatures": 0,
            "optionalKeys": Array [],
          },
          "nonce": 0n,
          "publicKey": Object {
            "data": Array [
              124,
              168,
              226,
              85,
              17,
              246,
              152,
              205,
              161,
              66,
              25,
              45,
              55,
              229,
              120,
              229,
              72,
              63,
              124,
              182,
              161,
              99,
              169,
              43,
              106,
              209,
              251,
              227,
              254,
              248,
              64,
              138,
            ],
            "type": "Buffer",
          },
        },
        Object {
          "address": Object {
            "data": Array [
              37,
              212,
              193,
              237,
              45,
              162,
              75,
              168,
              86,
              184,
              148,
              194,
              9,
              24,
              143,
              112,
              224,
              202,
              171,
              110,
            ],
            "type": "Buffer",
          },
          "asset": Object {
            "delegate": Object {
              "consecutiveMissedBlocks": 0,
              "isBanned": false,
              "lastForgedHeight": 0,
              "pomHeights": Array [],
              "totalVotesReceived": 0n,
              "username": "ef374a2e8fb9934ad1db0fd5346eb7",
            },
            "sentVotes": Array [],
            "unlocking": Array [],
          },
          "balance": 2874239947n,
          "keys": Object {
            "mandatoryKeys": Array [],
            "numberOfSignatures": 0,
            "optionalKeys": Array [],
          },
          "nonce": 0n,
          "publicKey": Object {
            "data": Array [
              117,
              99,
              215,
              109,
              97,
              63,
              7,
              198,
              185,
              54,
              121,
              241,
              90,
              43,
              252,
              120,
              105,
              85,
              89,
              45,
              93,
              67,
              93,
              172,
              160,
              32,
              204,
              87,
              117,
              17,
              83,
              17,
            ],
            "type": "Buffer",
          },
        },
        Object {
          "address": Object {
            "data": Array [
              52,
              179,
              218,
              222,
              213,
              80,
              245,
              176,
              197,
              9,
              71,
              216,
              225,
              119,
              98,
              185,
              115,
              12,
              241,
              249,
            ],
            "type": "Buffer",
          },
          "asset": Object {
            "delegate": Object {
              "consecutiveMissedBlocks": 0,
              "isBanned": false,
              "lastForgedHeight": 0,
              "pomHeights": Array [],
              "totalVotesReceived": 0n,
              "username": "920cc701231b2f8c624d4bc8f4c267",
            },
            "sentVotes": Array [],
            "unlocking": Array [],
          },
          "balance": 2384412768n,
          "keys": Object {
            "mandatoryKeys": Array [],
            "numberOfSignatures": 0,
            "optionalKeys": Array [],
          },
          "nonce": 0n,
          "publicKey": Object {
            "data": Array [
              171,
              214,
              66,
              106,
              12,
              154,
              25,
              246,
              192,
              54,
              68,
              64,
              23,
              235,
              153,
              163,
              146,
              48,
              121,
              70,
              147,
              176,
              161,
              73,
              205,
              190,
              41,
              215,
              128,
              127,
              18,
              160,
            ],
            "type": "Buffer",
          },
        },
        Object {
          "address": Object {
            "data": Array [
              55,
              43,
              157,
              7,
              109,
              211,
              126,
              124,
              24,
              60,
              246,
              237,
              3,
              193,
              125,
              216,
              205,
              192,
              211,
              18,
            ],
            "type": "Buffer",
          },
          "asset": Object {
            "delegate": Object {
              "consecutiveMissedBlocks": 0,
              "isBanned": false,
              "lastForgedHeight": 0,
              "pomHeights": Array [],
              "totalVotesReceived": 0n,
              "username": "4a1076aa54533dce1c9b7ed51c509b",
            },
            "sentVotes": Array [],
            "unlocking": Array [],
          },
          "balance": 28138131n,
          "keys": Object {
            "mandatoryKeys": Array [],
            "numberOfSignatures": 0,
            "optionalKeys": Array [],
          },
          "nonce": 0n,
          "publicKey": Object {
            "data": Array [
              124,
              231,
              5,
              8,
              173,
              219,
              194,
              84,
              158,
              143,
              32,
              68,
              85,
              93,
              247,
              27,
              5,
              126,
              194,
              136,
              238,
              112,
              118,
              164,
              12,
              191,
              1,
              174,
              195,
              190,
              117,
              179,
            ],
            "type": "Buffer",
          },
        },
        Object {
          "address": Object {
            "data": Array [
              76,
              149,
              19,
              239,
              123,
              11,
              204,
              238,
              2,
              69,
              89,
              71,
              71,
              0,
              170,
              215,
              3,
              119,
              4,
              59,
            ],
            "type": "Buffer",
          },
          "asset": Object {
            "delegate": Object {
              "consecutiveMissedBlocks": 0,
              "isBanned": false,
              "lastForgedHeight": 0,
              "pomHeights": Array [],
              "totalVotesReceived": 0n,
              "username": "",
            },
            "sentVotes": Array [],
            "unlocking": Array [],
          },
          "balance": 476696623n,
          "keys": Object {
            "mandatoryKeys": Array [],
            "numberOfSignatures": 0,
            "optionalKeys": Array [],
          },
          "nonce": 0n,
          "publicKey": Object {
            "data": Array [
              71,
              183,
              135,
              188,
              158,
              186,
              244,
              81,
              140,
              181,
              54,
              123,
              176,
              128,
              138,
              111,
              110,
              146,
              103,
              173,
              162,
              166,
              173,
              1,
              171,
              254,
              117,
              101,
              200,
              174,
              149,
              224,
            ],
            "type": "Buffer",
          },
        },
        Object {
          "address": Object {
            "data": Array [
              82,
              201,
              93,
              36,
              167,
              234,
              67,
              210,
              2,
              218,
              138,
              13,
              167,
              240,
              140,
              51,
              164,
              235,
              109,
              92,
            ],
            "type": "Buffer",
          },
          "asset": Object {
            "delegate": Object {
              "consecutiveMissedBlocks": 0,
              "isBanned": false,
              "lastForgedHeight": 0,
              "pomHeights": Array [],
              "totalVotesReceived": 0n,
              "username": "",
            },
            "sentVotes": Array [],
            "unlocking": Array [],
          },
          "balance": 4218444994n,
          "keys": Object {
            "mandatoryKeys": Array [],
            "numberOfSignatures": 0,
            "optionalKeys": Array [],
          },
          "nonce": 0n,
          "publicKey": Object {
            "data": Array [
              153,
              13,
              66,
              22,
              29,
              192,
              42,
              106,
              159,
              87,
              6,
              38,
              105,
              152,
              119,
              164,
              92,
              200,
              12,
              184,
              53,
              234,
              213,
              60,
              85,
              77,
              168,
              103,
              159,
              53,
              75,
              237,
            ],
            "type": "Buffer",
          },
        },
        Object {
          "address": Object {
            "data": Array [
              98,
              21,
              12,
              207,
              145,
              204,
              22,
              52,
              249,
              48,
              238,
              208,
              183,
              118,
              15,
              66,
              23,
              82,
              166,
              152,
            ],
            "type": "Buffer",
          },
          "asset": Object {
            "delegate": Object {
              "consecutiveMissedBlocks": 0,
              "isBanned": false,
              "lastForgedHeight": 0,
              "pomHeights": Array [],
              "totalVotesReceived": 0n,
              "username": "",
            },
            "sentVotes": Array [],
            "unlocking": Array [],
          },
          "balance": 1340967959n,
          "keys": Object {
            "mandatoryKeys": Array [],
            "numberOfSignatures": 0,
            "optionalKeys": Array [],
          },
          "nonce": 0n,
          "publicKey": Object {
            "data": Array [
              112,
              126,
              63,
              19,
              110,
              229,
              121,
              73,
              20,
              210,
              13,
              27,
              179,
              33,
              230,
              58,
              185,
              96,
              241,
              53,
              229,
              116,
              140,
              99,
              16,
              192,
              118,
              25,
              164,
              201,
              237,
              83,
            ],
            "type": "Buffer",
          },
        },
        Object {
          "address": Object {
            "data": Array [
              110,
              53,
              133,
              177,
              23,
              81,
              66,
              58,
              114,
              235,
              91,
              73,
              245,
              121,
              64,
              190,
              80,
              144,
              71,
              87,
            ],
            "type": "Buffer",
          },
          "asset": Object {
            "delegate": Object {
              "consecutiveMissedBlocks": 0,
              "isBanned": false,
              "lastForgedHeight": 0,
              "pomHeights": Array [],
              "totalVotesReceived": 0n,
              "username": "98beeddc903498ed7cdd36b417b40f",
            },
            "sentVotes": Array [],
            "unlocking": Array [],
          },
          "balance": 2165380961n,
          "keys": Object {
            "mandatoryKeys": Array [],
            "numberOfSignatures": 0,
            "optionalKeys": Array [],
          },
          "nonce": 0n,
          "publicKey": Object {
            "data": Array [
              180,
              120,
              222,
              174,
              108,
              87,
              246,
              67,
              190,
              97,
              133,
              248,
              198,
              116,
              100,
              163,
              98,
              124,
              47,
              189,
              34,
              145,
              62,
              39,
              58,
              212,
              66,
              14,
              231,
              42,
              151,
              144,
            ],
            "type": "Buffer",
          },
        },
        Object {
          "address": Object {
            "data": Array [
              128,
              224,
              141,
              50,
              44,
              36,
              181,
              50,
              154,
              37,
              124,
              91,
              27,
              215,
              87,
              128,
              50,
              211,
              185,
              33,
            ],
            "type": "Buffer",
          },
          "asset": Object {
            "delegate": Object {
              "consecutiveMissedBlocks": 0,
              "isBanned": false,
              "lastForgedHeight": 0,
              "pomHeights": Array [],
              "totalVotesReceived": 0n,
              "username": "",
            },
            "sentVotes": Array [],
            "unlocking": Array [],
          },
          "balance": 3116632800n,
          "keys": Object {
            "mandatoryKeys": Array [],
            "numberOfSignatures": 0,
            "optionalKeys": Array [],
          },
          "nonce": 0n,
          "publicKey": Object {
            "data": Array [
              16,
              153,
              219,
              159,
              85,
              58,
              162,
              208,
              23,
              130,
              156,
              137,
              215,
              57,
              51,
              136,
              244,
              178,
              3,
              202,
              224,
              118,
              229,
              196,
              33,
              208,
              168,
              146,
              100,
              202,
              81,
              57,
            ],
            "type": "Buffer",
          },
        },
        Object {
          "address": Object {
            "data": Array [
              157,
              52,
              166,
              149,
              81,
              216,
              184,
              94,
              192,
              245,
              82,
              214,
              94,
              168,
              221,
              53,
              114,
              77,
              238,
              144,
            ],
            "type": "Buffer",
          },
          "asset": Object {
            "delegate": Object {
              "consecutiveMissedBlocks": 0,
              "isBanned": false,
              "lastForgedHeight": 0,
              "pomHeights": Array [],
              "totalVotesReceived": 0n,
              "username": "",
            },
            "sentVotes": Array [],
            "unlocking": Array [],
          },
          "balance": 4056778033n,
          "keys": Object {
            "mandatoryKeys": Array [],
            "numberOfSignatures": 0,
            "optionalKeys": Array [],
          },
          "nonce": 0n,
          "publicKey": Object {
            "data": Array [
              207,
              16,
              26,
              176,
              20,
              112,
              158,
              174,
              55,
              152,
              40,
              105,
              106,
              203,
              127,
              67,
              18,
              240,
              152,
              198,
              167,
              43,
              185,
              166,
              249,
              14,
              50,
              198,
              229,
              90,
              127,
              193,
            ],
            "type": "Buffer",
          },
        },
        Object {
          "address": Object {
            "data": Array [
              192,
              24,
              181,
              221,
              125,
              164,
              182,
              183,
              191,
              78,
              108,
              104,
              142,
              141,
              126,
              152,
              65,
              212,
              170,
              143,
            ],
            "type": "Buffer",
          },
          "asset": Object {
            "delegate": Object {
              "consecutiveMissedBlocks": 0,
              "isBanned": false,
              "lastForgedHeight": 0,
              "pomHeights": Array [],
              "totalVotesReceived": 0n,
              "username": "",
            },
            "sentVotes": Array [],
            "unlocking": Array [],
          },
          "balance": 2910960211n,
          "keys": Object {
            "mandatoryKeys": Array [],
            "numberOfSignatures": 0,
            "optionalKeys": Array [],
          },
          "nonce": 0n,
          "publicKey": Object {
            "data": Array [
              205,
              89,
              196,
              121,
              149,
              211,
              253,
              117,
              100,
              11,
              229,
              61,
              105,
              229,
              239,
              231,
              183,
              5,
              168,
              149,
              228,
              219,
              229,
              130,
              184,
              110,
              145,
              223,
              19,
              49,
              56,
              18,
            ],
            "type": "Buffer",
          },
        },
        Object {
          "address": Object {
            "data": Array [
              195,
              195,
              7,
              23,
              78,
              90,
              227,
              1,
              196,
              148,
              57,
              108,
              15,
              219,
              99,
              7,
              236,
              78,
              198,
              12,
            ],
            "type": "Buffer",
          },
          "asset": Object {
            "delegate": Object {
              "consecutiveMissedBlocks": 0,
              "isBanned": false,
              "lastForgedHeight": 0,
              "pomHeights": Array [],
              "totalVotesReceived": 0n,
              "username": "",
            },
            "sentVotes": Array [],
            "unlocking": Array [],
          },
          "balance": 1966001160n,
          "keys": Object {
            "mandatoryKeys": Array [],
            "numberOfSignatures": 0,
            "optionalKeys": Array [],
          },
          "nonce": 0n,
          "publicKey": Object {
            "data": Array [
              57,
              150,
              161,
              110,
              207,
              82,
              12,
              36,
              197,
              158,
              199,
              168,
              4,
              159,
              252,
              212,
              171,
              226,
              108,
              249,
              2,
              102,
              125,
              148,
              32,
              247,
              204,
              199,
              148,
              159,
              135,
              118,
            ],
            "type": "Buffer",
          },
        },
        Object {
          "address": Object {
            "data": Array [
              195,
              198,
              54,
              21,
              36,
              4,
              51,
              37,
              232,
              171,
              206,
              140,
              193,
              248,
              153,
              226,
              194,
              255,
              217,
              176,
            ],
            "type": "Buffer",
          },
          "asset": Object {
            "delegate": Object {
              "consecutiveMissedBlocks": 0,
              "isBanned": false,
              "lastForgedHeight": 0,
              "pomHeights": Array [],
              "totalVotesReceived": 0n,
              "username": "",
            },
            "sentVotes": Array [],
            "unlocking": Array [],
          },
          "balance": 3756324977n,
          "keys": Object {
            "mandatoryKeys": Array [],
            "numberOfSignatures": 0,
            "optionalKeys": Array [],
          },
          "nonce": 0n,
          "publicKey": Object {
            "data": Array [
              232,
              0,
              61,
              142,
              49,
              131,
              207,
              140,
              160,
              2,
              121,
              224,
              92,
              76,
              223,
              17,
              97,
              64,
              93,
              218,
              218,
              254,
              44,
              46,
              117,
              138,
              153,
              5,
              24,
              73,
              180,
              151,
            ],
            "type": "Buffer",
          },
        },
        Object {
          "address": Object {
            "data": Array [
              217,
              251,
              219,
              79,
              34,
              250,
              166,
              9,
              54,
              160,
              17,
              52,
              87,
              218,
              1,
              158,
              182,
              28,
              61,
              119,
            ],
            "type": "Buffer",
          },
          "asset": Object {
            "delegate": Object {
              "consecutiveMissedBlocks": 0,
              "isBanned": false,
              "lastForgedHeight": 0,
              "pomHeights": Array [],
              "totalVotesReceived": 0n,
              "username": "",
            },
            "sentVotes": Array [],
            "unlocking": Array [],
          },
          "balance": 489340925n,
          "keys": Object {
            "mandatoryKeys": Array [],
            "numberOfSignatures": 0,
            "optionalKeys": Array [],
          },
          "nonce": 0n,
          "publicKey": Object {
            "data": Array [
              49,
              130,
              171,
              131,
              57,
              162,
              69,
              201,
              3,
              31,
              84,
              122,
              39,
              136,
              89,
              52,
              28,
              118,
              117,
              24,
              216,
              162,
              93,
              17,
              141,
              23,
              223,
              72,
              250,
              125,
              73,
              189,
            ],
            "type": "Buffer",
          },
        },
        Object {
          "address": Object {
            "data": Array [
              222,
              223,
              189,
              76,
              106,
              26,
              209,
              239,
              13,
              122,
              149,
              205,
              105,
              7,
              17,
              69,
              72,
              216,
              198,
              216,
            ],
            "type": "Buffer",
          },
          "asset": Object {
            "delegate": Object {
              "consecutiveMissedBlocks": 0,
              "isBanned": false,
              "lastForgedHeight": 0,
              "pomHeights": Array [],
              "totalVotesReceived": 0n,
              "username": "",
            },
            "sentVotes": Array [],
            "unlocking": Array [],
          },
          "balance": 653021139n,
          "keys": Object {
            "mandatoryKeys": Array [],
            "numberOfSignatures": 0,
            "optionalKeys": Array [],
          },
          "nonce": 0n,
          "publicKey": Object {
            "data": Array [
              67,
              35,
              243,
              4,
              48,
              208,
              109,
              17,
              178,
              137,
              205,
              156,
              177,
              79,
              162,
              24,
              213,
              159,
              219,
              13,
              203,
              126,
              48,
              135,
              159,
              195,
              68,
              163,
              245,
              219,
              135,
              129,
            ],
            "type": "Buffer",
          },
        },
      ],
      "initDelegates": Array [
        Object {
          "data": Array [
            35,
            112,
            186,
            152,
            69,
            30,
            31,
            240,
            7,
            2,
            159,
            30,
            96,
            46,
            20,
            187,
            9,
            123,
            81,
            111,
          ],
          "type": "Buffer",
        },
        Object {
          "data": Array [
            37,
            212,
            193,
            237,
            45,
            162,
            75,
            168,
            86,
            184,
            148,
            194,
            9,
            24,
            143,
            112,
            224,
            202,
            171,
            110,
          ],
          "type": "Buffer",
        },
        Object {
          "data": Array [
            52,
            179,
            218,
            222,
            213,
            80,
            245,
            176,
            197,
            9,
            71,
            216,
            225,
            119,
            98,
            185,
            115,
            12,
            241,
            249,
          ],
          "type": "Buffer",
        },
        Object {
          "data": Array [
            55,
            43,
            157,
            7,
            109,
            211,
            126,
            124,
            24,
            60,
            246,
            237,
            3,
            193,
            125,
            216,
            205,
            192,
            211,
            18,
          ],
          "type": "Buffer",
        },
        Object {
          "data": Array [
            110,
            53,
            133,
            177,
            23,
            81,
            66,
            58,
            114,
            235,
            91,
            73,
            245,
            121,
            64,
            190,
            80,
            144,
            71,
            87,
          ],
          "type": "Buffer",
        },
      ],
      "initRounds": 5,
    },
    "generatorPublicKey": Object {
      "data": Array [],
      "type": "Buffer",
    },
    "height": 5,
    "id": Object {
      "data": Array [
        44,
        60,
        114,
        141,
        125,
        134,
        3,
        61,
        251,
        98,
        230,
        213,
        62,
        133,
        107,
        79,
        148,
        4,
        236,
        5,
        146,
        136,
        87,
        54,
        158,
        191,
        122,
        19,
        77,
        75,
        247,
        214,
      ],
      "type": "Buffer",
    },
    "previousBlockID": Object {
      "data": Array [
        69,
        70,
        144,
        161,
        195,
        120,
        56,
        50,
        96,
        7,
        81,
        154,
        124,
        225,
        200,
        166,
        164,
        149,
        223,
        80,
        137,
        143,
        30,
        189,
        105,
        210,
        47,
        188,
        237,
        249,
        104,
        154,
      ],
      "type": "Buffer",
    },
    "reward": 0n,
    "signature": Object {
      "data": Array [],
      "type": "Buffer",
    },
    "timestamp": 1591873718,
    "transactionRoot": Object {
      "data": Array [
        227,
        176,
        196,
        66,
        152,
        252,
        28,
        20,
        154,
        251,
        244,
        200,
        153,
        111,
        185,
        36,
        39,
        174,
        65,
        228,
        100,
        155,
        147,
        76,
        164,
        149,
        153,
        27,
        120,
        82,
        184,
        85,
      ],
      "type": "Buffer",
    },
    "version": 0,
  },
  "payload": Array [],
}
`;
